Archive member included to satisfy reference by file (symbol)

C:/ST/STM32CubeIDE_1.13.2/STM32CubeIDE/plugins/com.st.stm32cube.ide.mcu.externaltools.gnu-tools-for-stm32.11.3.rel1.win32_1.1.1.202309131626/tools/bin/../lib/gcc/arm-none-eabi/11.3.1/../../../../arm-none-eabi/lib/thumb/v7e-m+fp/hard\libc_nano.a(libc_a-exit.o)
                              C:/ST/STM32CubeIDE_1.13.2/STM32CubeIDE/plugins/com.st.stm32cube.ide.mcu.externaltools.gnu-tools-for-stm32.11.3.rel1.win32_1.1.1.202309131626/tools/bin/../lib/gcc/arm-none-eabi/11.3.1/../../../../arm-none-eabi/lib/thumb/v7e-m+fp/hard/crt0.o (exit)
C:/ST/STM32CubeIDE_1.13.2/STM32CubeIDE/plugins/com.st.stm32cube.ide.mcu.externaltools.gnu-tools-for-stm32.11.3.rel1.win32_1.1.1.202309131626/tools/bin/../lib/gcc/arm-none-eabi/11.3.1/../../../../arm-none-eabi/lib/thumb/v7e-m+fp/hard\libc_nano.a(libc_a-malloc.o)
                              ./Middlewares/ST/STM32_USB_Host_Library/Class/CDC/Src/usbh_cdc.o (malloc)
C:/ST/STM32CubeIDE_1.13.2/STM32CubeIDE/plugins/com.st.stm32cube.ide.mcu.externaltools.gnu-tools-for-stm32.11.3.rel1.win32_1.1.1.202309131626/tools/bin/../lib/gcc/arm-none-eabi/11.3.1/../../../../arm-none-eabi/lib/thumb/v7e-m+fp/hard\libc_nano.a(libc_a-mallocr.o)
                              C:/ST/STM32CubeIDE_1.13.2/STM32CubeIDE/plugins/com.st.stm32cube.ide.mcu.externaltools.gnu-tools-for-stm32.11.3.rel1.win32_1.1.1.202309131626/tools/bin/../lib/gcc/arm-none-eabi/11.3.1/../../../../arm-none-eabi/lib/thumb/v7e-m+fp/hard\libc_nano.a(libc_a-malloc.o) (_malloc_r)
C:/ST/STM32CubeIDE_1.13.2/STM32CubeIDE/plugins/com.st.stm32cube.ide.mcu.externaltools.gnu-tools-for-stm32.11.3.rel1.win32_1.1.1.202309131626/tools/bin/../lib/gcc/arm-none-eabi/11.3.1/../../../../arm-none-eabi/lib/thumb/v7e-m+fp/hard\libc_nano.a(libc_a-mlock.o)
                              C:/ST/STM32CubeIDE_1.13.2/STM32CubeIDE/plugins/com.st.stm32cube.ide.mcu.externaltools.gnu-tools-for-stm32.11.3.rel1.win32_1.1.1.202309131626/tools/bin/../lib/gcc/arm-none-eabi/11.3.1/../../../../arm-none-eabi/lib/thumb/v7e-m+fp/hard\libc_nano.a(libc_a-mallocr.o) (__malloc_lock)
C:/ST/STM32CubeIDE_1.13.2/STM32CubeIDE/plugins/com.st.stm32cube.ide.mcu.externaltools.gnu-tools-for-stm32.11.3.rel1.win32_1.1.1.202309131626/tools/bin/../lib/gcc/arm-none-eabi/11.3.1/../../../../arm-none-eabi/lib/thumb/v7e-m+fp/hard\libc_nano.a(libc_a-findfp.o)
                              C:/ST/STM32CubeIDE_1.13.2/STM32CubeIDE/plugins/com.st.stm32cube.ide.mcu.externaltools.gnu-tools-for-stm32.11.3.rel1.win32_1.1.1.202309131626/tools/bin/../lib/gcc/arm-none-eabi/11.3.1/../../../../arm-none-eabi/lib/thumb/v7e-m+fp/hard\libc_nano.a(libc_a-exit.o) (__stdio_exit_handler)
C:/ST/STM32CubeIDE_1.13.2/STM32CubeIDE/plugins/com.st.stm32cube.ide.mcu.externaltools.gnu-tools-for-stm32.11.3.rel1.win32_1.1.1.202309131626/tools/bin/../lib/gcc/arm-none-eabi/11.3.1/../../../../arm-none-eabi/lib/thumb/v7e-m+fp/hard\libc_nano.a(libc_a-fwalk.o)
                              C:/ST/STM32CubeIDE_1.13.2/STM32CubeIDE/plugins/com.st.stm32cube.ide.mcu.externaltools.gnu-tools-for-stm32.11.3.rel1.win32_1.1.1.202309131626/tools/bin/../lib/gcc/arm-none-eabi/11.3.1/../../../../arm-none-eabi/lib/thumb/v7e-m+fp/hard\libc_nano.a(libc_a-findfp.o) (_fwalk_sglue)
C:/ST/STM32CubeIDE_1.13.2/STM32CubeIDE/plugins/com.st.stm32cube.ide.mcu.externaltools.gnu-tools-for-stm32.11.3.rel1.win32_1.1.1.202309131626/tools/bin/../lib/gcc/arm-none-eabi/11.3.1/../../../../arm-none-eabi/lib/thumb/v7e-m+fp/hard\libc_nano.a(libc_a-stdio.o)
                              C:/ST/STM32CubeIDE_1.13.2/STM32CubeIDE/plugins/com.st.stm32cube.ide.mcu.externaltools.gnu-tools-for-stm32.11.3.rel1.win32_1.1.1.202309131626/tools/bin/../lib/gcc/arm-none-eabi/11.3.1/../../../../arm-none-eabi/lib/thumb/v7e-m+fp/hard\libc_nano.a(libc_a-findfp.o) (__sread)
C:/ST/STM32CubeIDE_1.13.2/STM32CubeIDE/plugins/com.st.stm32cube.ide.mcu.externaltools.gnu-tools-for-stm32.11.3.rel1.win32_1.1.1.202309131626/tools/bin/../lib/gcc/arm-none-eabi/11.3.1/../../../../arm-none-eabi/lib/thumb/v7e-m+fp/hard\libc_nano.a(libc_a-memset.o)
                              C:/ST/STM32CubeIDE_1.13.2/STM32CubeIDE/plugins/com.st.stm32cube.ide.mcu.externaltools.gnu-tools-for-stm32.11.3.rel1.win32_1.1.1.202309131626/tools/bin/../lib/gcc/arm-none-eabi/11.3.1/../../../../arm-none-eabi/lib/thumb/v7e-m+fp/hard/crt0.o (memset)
C:/ST/STM32CubeIDE_1.13.2/STM32CubeIDE/plugins/com.st.stm32cube.ide.mcu.externaltools.gnu-tools-for-stm32.11.3.rel1.win32_1.1.1.202309131626/tools/bin/../lib/gcc/arm-none-eabi/11.3.1/../../../../arm-none-eabi/lib/thumb/v7e-m+fp/hard\libc_nano.a(libc_a-closer.o)
                              C:/ST/STM32CubeIDE_1.13.2/STM32CubeIDE/plugins/com.st.stm32cube.ide.mcu.externaltools.gnu-tools-for-stm32.11.3.rel1.win32_1.1.1.202309131626/tools/bin/../lib/gcc/arm-none-eabi/11.3.1/../../../../arm-none-eabi/lib/thumb/v7e-m+fp/hard\libc_nano.a(libc_a-stdio.o) (_close_r)
[...]
Memory Configuration

Name             Origin             Length             Attributes
RAM              0x0000000020000000 0x0000000000020000 xrw
FLASH            0x0000000008000000 0x0000000000080000 xr
*default*        0x0000000000000000 0xffffffffffffffff

Linker script and memory map

LOAD C:/ST/STM32CubeIDE_1.13.2/STM32CubeIDE/plugins/com.st.stm32cube.ide.mcu.externaltools.gnu-tools-for-stm32.11.3.rel1.win32_1.1.1.202309131626/tools/bin/../lib/gcc/arm-none-eabi/11.3.1/thumb/v7e-m+fp/hard/crti.o
LOAD C:/ST/STM32CubeIDE_1.13.2/STM32CubeIDE/plugins/com.st.stm32cube.ide.mcu.externaltools.gnu-tools-for-stm32.11.3.rel1.win32_1.1.1.202309131626/tools/bin/../lib/gcc/arm-none-eabi/11.3.1/thumb/v7e-m+fp/hard/crtbegin.o
LOAD C:/ST/STM32CubeIDE_1.13.2/STM32CubeIDE/plugins/com.st.stm32cube.ide.mcu.externaltools.gnu-tools-for-stm32.11.3.rel1.win32_1.1.1.202309131626/tools/bin/../lib/gcc/arm-none-eabi/11.3.1/../../../../arm-none-eabi/lib/thumb/v7e-m+fp/hard/crt0.o
LOAD ./Core/Src/main.o
LOAD ./Core/Src/stm32f4xx_hal_msp.o
LOAD ./Core/Src/stm32f4xx_it.o
LOAD ./Core/Src/syscalls.o
LOAD ./Core/Src/sysmem.o
LOAD ./Core/Src/system_stm32f4xx.o
LOAD ./Core/Startup/startup_stm32f411vetx.o
LOAD ./Drivers/STM32F4xx_HAL_Driver/Src/stm32f4xx_hal.o
LOAD ./Drivers/STM32F4xx_HAL_Driver/Src/stm32f4xx_hal_cortex.o
LOAD ./Drivers/STM32F4xx_HAL_Driver/Src/stm32f4xx_hal_dma.o
LOAD ./Drivers/STM32F4xx_HAL_Driver/Src/stm32f4xx_hal_dma_ex.o
LOAD ./Drivers/STM32F4xx_HAL_Driver/Src/stm32f4xx_hal_exti.o
LOAD ./Drivers/STM32F4xx_HAL_Driver/Src/stm32f4xx_hal_flash.o
LOAD ./Drivers/STM32F4xx_HAL_Driver/Src/stm32f4xx_hal_flash_ex.o
LOAD ./Drivers/STM32F4xx_HAL_Driver/Src/stm32f4xx_hal_flash_ramfunc.o
LOAD ./Drivers/STM32F4xx_HAL_Driver/Src/stm32f4xx_hal_gpio.o
LOAD ./Drivers/STM32F4xx_HAL_Driver/Src/stm32f4xx_hal_hcd.o
LOAD ./Drivers/STM32F4xx_HAL_Driver/Src/stm32f4xx_hal_i2c.o
LOAD ./Drivers/STM32F4xx_HAL_Driver/Src/stm32f4xx_hal_i2c_ex.o
LOAD ./Drivers/STM32F4xx_HAL_Driver/Src/stm32f4xx_hal_i2s.o
LOAD ./Drivers/STM32F4xx_HAL_Driver/Src/stm32f4xx_hal_i2s_ex.o
LOAD ./Drivers/STM32F4xx_HAL_Driver/Src/stm32f4xx_hal_pwr.o
LOAD ./Drivers/STM32F4xx_HAL_Driver/Src/stm32f4xx_hal_pwr_ex.o
LOAD ./Drivers/STM32F4xx_HAL_Driver/Src/stm32f4xx_hal_rcc.o
LOAD ./Drivers/STM32F4xx_HAL_Driver/Src/stm32f4xx_hal_rcc_ex.o
LOAD ./Drivers/STM32F4xx_HAL_Driver/Src/stm32f4xx_hal_spi.o
LOAD ./Drivers/STM32F4xx_HAL_Driver/Src/stm32f4xx_hal_tim.o
LOAD ./Drivers/STM32F4xx_HAL_Driver/Src/stm32f4xx_hal_tim_ex.o
LOAD ./Drivers/STM32F4xx_HAL_Driver/Src/stm32f4xx_ll_usb.o
LOAD ./Middlewares/ST/STM32_USB_Host_Library/Class/CDC/Src/usbh_cdc.o
LOAD ./Middlewares/ST/STM32_USB_Host_Library/Core/Src/usbh_core.o
LOAD ./Middlewares/ST/STM32_USB_Host_Library/Core/Src/usbh_ctlreq.o
LOAD ./Middlewares/ST/STM32_USB_Host_Library/Core/Src/usbh_ioreq.o
LOAD ./Middlewares/ST/STM32_USB_Host_Library/Core/Src/usbh_pipes.o
LOAD ./USB_HOST/App/usb_host.o
LOAD ./USB_HOST/Target/usbh_conf.o
LOAD ./USB_HOST/Target/usbh_platform.o
START GROUP
LOAD C:/ST/STM32CubeIDE_1.13.2/STM32CubeIDE/plugins/com.st.stm32cube.ide.mcu.externaltools.gnu-tools-for-stm32.11.3.rel1.win32_1.1.1.202309131626/tools/bin/../lib/gcc/arm-none-eabi/11.3.1/../../../../arm-none-eabi/lib/thumb/v7e-m+fp/hard\libc_nano.a
LOAD C:/ST/STM32CubeIDE_1.13.2/STM32CubeIDE/plugins/com.st.stm32cube.ide.mcu.externaltools.gnu-tools-for-stm32.11.3.rel1.win32_1.1.1.202309131626/tools/bin/../lib/gcc/arm-none-eabi/11.3.1/../../../../arm-none-eabi/lib/thumb/v7e-m+fp/hard\libm.a
END GROUP
START GROUP
LOAD C:/ST/STM32CubeIDE_1.13.2/STM32CubeIDE/plugins/com.st.stm32cube.ide.mcu.externaltools.gnu-tools-for-stm32.11.3.rel1.win32_1.1.1.202309131626/tools/bin/../lib/gcc/arm-none-eabi/11.3.1/thumb/v7e-m+fp/hard\libgcc.a
LOAD C:/ST/STM32CubeIDE_1.13.2/STM32CubeIDE/plugins/com.st.stm32cube.ide.mcu.externaltools.gnu-tools-for-stm32.11.3.rel1.win32_1.1.1.202309131626/tools/bin/../lib/gcc/arm-none-eabi/11.3.1/../../../../arm-none-eabi/lib/thumb/v7e-m+fp/hard\libc_nano.a
END GROUP
START GROUP
LOAD C:/ST/STM32CubeIDE_1.13.2/STM32CubeIDE/plugins/com.st.stm32cube.ide.mcu.externaltools.gnu-tools-for-stm32.11.3.rel1.win32_1.1.1.202309131626/tools/bin/../lib/gcc/arm-none-eabi/11.3.1/thumb/v7e-m+fp/hard\libgcc.a
LOAD C:/ST/STM32CubeIDE_1.13.2/STM32CubeIDE/plugins/com.st.stm32cube.ide.mcu.externaltools.gnu-tools-for-stm32.11.3.rel1.win32_1.1.1.202309131626/tools/bin/../lib/gcc/arm-none-eabi/11.3.1/../../../../arm-none-eabi/lib/thumb/v7e-m+fp/hard\libc_nano.a
LOAD C:/ST/STM32CubeIDE_1.13.2/STM32CubeIDE/plugins/com.st.stm32cube.ide.mcu.externaltools.gnu-tools-for-stm32.11.3.rel1.win32_1.1.1.202309131626/tools/bin/../lib/gcc/arm-none-eabi/11.3.1/../../../../arm-none-eabi/lib/thumb/v7e-m+fp/hard\libnosys.a
END GROUP
START GROUP
LOAD C:/ST/STM32CubeIDE_1.13.2/STM32CubeIDE/plugins/com.st.stm32cube.ide.mcu.externaltools.gnu-tools-for-stm32.11.3.rel1.win32_1.1.1.202309131626/tools/bin/../lib/gcc/arm-none-eabi/11.3.1/thumb/v7e-m+fp/hard\libgcc.a
LOAD C:/ST/STM32CubeIDE_1.13.2/STM32CubeIDE/plugins/com.st.stm32cube.ide.mcu.externaltools.gnu-tools-for-stm32.11.3.rel1.win32_1.1.1.202309131626/tools/bin/../lib/gcc/arm-none-eabi/11.3.1/../../../../arm-none-eabi/lib/thumb/v7e-m+fp/hard\libc_nano.a
LOAD C:/ST/STM32CubeIDE_1.13.2/STM32CubeIDE/plugins/com.st.stm32cube.ide.mcu.externaltools.gnu-tools-for-stm32.11.3.rel1.win32_1.1.1.202309131626/tools/bin/../lib/gcc/arm-none-eabi/11.3.1/../../../../arm-none-eabi/lib/thumb/v7e-m+fp/hard\libnosys.a
END GROUP
LOAD C:/ST/STM32CubeIDE_1.13.2/STM32CubeIDE/plugins/com.st.stm32cube.ide.mcu.externaltools.gnu-tools-for-stm32.11.3.rel1.win32_1.1.1.202309131626/tools/bin/../lib/gcc/arm-none-eabi/11.3.1/thumb/v7e-m+fp/hard/crtend.o
LOAD C:/ST/STM32CubeIDE_1.13.2/STM32CubeIDE/plugins/com.st.stm32cube.ide.mcu.externaltools.gnu-tools-for-stm32.11.3.rel1.win32_1.1.1.202309131626/tools/bin/../lib/gcc/arm-none-eabi/11.3.1/thumb/v7e-m+fp/hard/crtn.o
                0x0000000020020000                _estack = (ORIGIN (RAM) + LENGTH (RAM))
                0x0000000000000200                _Min_Heap_Size = 0x200
                0x0000000000000400                _Min_Stack_Size = 0x400

.isr_vector     0x0000000008000000      0x198
                0x0000000008000000                . = ALIGN (0x4)
 *(.isr_vector)
 .isr_vector    0x0000000008000000      0x198 ./Core/Startup/startup_stm32f411vetx.o
                0x0000000008000000                g_pfnVectors
                0x0000000008000198                . = ALIGN (0x4)

.text           0x0000000008000198     0x7bf0
                0x0000000008000198                . = ALIGN (0x4)
 *(.text)
 .text          0x0000000008000198       0x40 C:/ST/STM32CubeIDE_1.13.2/STM32CubeIDE/plugins/com.st.stm32cube.ide.mcu.externaltools.gnu-tools-for-stm32.11.3.rel1.win32_1.1.1.202309131626/tools/bin/../lib/gcc/arm-none-eabi/11.3.1/thumb/v7e-m+fp/hard/crtbegin.o
 .text          0x00000000080001d8       0x30 C:/ST/STM32CubeIDE_1.13.2/STM32CubeIDE/plugins/com.st.stm32cube.ide.mcu.externaltools.gnu-tools-for-stm32.11.3.rel1.win32_1.1.1.202309131626/tools/bin/../lib/gcc/arm-none-eabi/11.3.1/thumb/v7e-m+fp/hard\libgcc.a(_aeabi_uldivmod.o)
                0x00000000080001d8                __aeabi_uldivmod
 .text          0x0000000008000208      0x2c8 C:/ST/STM32CubeIDE_1.13.2/STM32CubeIDE/plugins/com.st.stm32cube.ide.mcu.externaltools.gnu-tools-for-stm32.11.3.rel1.win32_1.1.1.202309131626/tools/bin/../lib/gcc/arm-none-eabi/11.3.1/thumb/v7e-m+fp/hard\libgcc.a(_udivmoddi4.o)
                0x0000000008000208                __udivmoddi4
 .text          0x00000000080004d0        0x4 C:/ST/STM32CubeIDE_1.13.2/STM32CubeIDE/plugins/com.st.stm32cube.ide.mcu.externaltools.gnu-tools-for-stm32.11.3.rel1.win32_1.1.1.202309131626/tools/bin/../lib/gcc/arm-none-eabi/11.3.1/thumb/v7e-m+fp/hard\libgcc.a(_dvmd_tls.o)
                0x00000000080004d0                __aeabi_idiv0
                0x00000000080004d0                __aeabi_ldiv0
 *(.text*)
 .text.main     0x00000000080004d4       0x48 ./Core/Src/main.o
                0x00000000080004d4                main
 .text.SystemClock_Config
                0x000000000800051c       0xd0 ./Core/Src/main.o
                0x000000000800051c                SystemClock_Config
 .text.PeriphCommonClock_Config
                0x00000000080005ec       0x40 ./Core/Src/main.o
                0x00000000080005ec                PeriphCommonClock_Config
 .text.MX_I2C1_Init
                0x000000000800062c       0x5c ./Core/Src/main.o
 .text.MX_I2S2_Init
                0x0000000008000688       0x5c ./Core/Src/main.o
 .text.MX_I2S3_Init
                0x00000000080006e4       0x60 ./Core/Src/main.o
 .text.MX_SPI1_Init
                0x0000000008000744       0x6c ./Core/Src/main.o
 .text.MX_GPIO_Init
                0x00000000080007b0      0x1b4 ./Core/Src/main.o
 .text.Error_Handler
                0x0000000008000964        0xa ./Core/Src/main.o
                0x0000000008000964                Error_Handler
 *fill*         0x000000000800096e        0x2 
 .text.HAL_MspInit
                0x0000000008000970       0x50 ./Core/Src/stm32f4xx_hal_msp.o
                0x0000000008000970                HAL_MspInit
 .text.HAL_I2C_MspInit
                0x00000000080009c0       0x90 ./Core/Src/stm32f4xx_hal_msp.o
                0x00000000080009c0                HAL_I2C_MspInit
 .text.HAL_I2S_MspInit
                0x0000000008000a50      0x19c ./Core/Src/stm32f4xx_hal_msp.o
                0x0000000008000a50                HAL_I2S_MspInit
 .text.HAL_SPI_MspInit
                0x0000000008000bec       0x90 ./Core/Src/stm32f4xx_hal_msp.o
                0x0000000008000bec                HAL_SPI_MspInit
 .text.NMI_Handler
                0x0000000008000c7c        0x6 ./Core/Src/stm32f4xx_it.o
                0x0000000008000c7c                NMI_Handler
 .text.HardFault_Handler
                0x0000000008000c82        0x6 ./Core/Src/stm32f4xx_it.o
                0x0000000008000c82                HardFault_Handler
 .text.MemManage_Handler
                0x0000000008000c88        0x6 ./Core/Src/stm32f4xx_it.o
                0x0000000008000c88                MemManage_Handler
 .text.BusFault_Handler
                0x0000000008000c8e        0x6 ./Core/Src/stm32f4xx_it.o
                0x0000000008000c8e                BusFault_Handler
 .text.UsageFault_Handler
                0x0000000008000c94        0x6 ./Core/Src/stm32f4xx_it.o
                0x0000000008000c94                UsageFault_Handler
 .text.SVC_Handler
                0x0000000008000c9a        0xe ./Core/Src/stm32f4xx_it.o
                0x0000000008000c9a                SVC_Handler
 .text.DebugMon_Handler
                0x0000000008000ca8        0xe ./Core/Src/stm32f4xx_it.o
                0x0000000008000ca8                DebugMon_Handler
 .text.PendSV_Handler
                0x0000000008000cb6        0xe ./Core/Src/stm32f4xx_it.o
                0x0000000008000cb6                PendSV_Handler
 .text.SysTick_Handler
                0x0000000008000cc4        0xc ./Core/Src/stm32f4xx_it.o
                0x0000000008000cc4                SysTick_Handler
 .text.OTG_FS_IRQHandler
                0x0000000008000cd0       0x14 ./Core/Src/stm32f4xx_it.o
                0x0000000008000cd0                OTG_FS_IRQHandler
 .text._sbrk    0x0000000008000ce4       0x6c ./Core/Src/sysmem.o
                0x0000000008000ce4                _sbrk
 .text.SystemInit
                0x0000000008000d50       0x24 ./Core/Src/system_stm32f4xx.o
                0x0000000008000d50                SystemInit
 .text.Reset_Handler
                0x0000000008000d74       0x50 ./Core/Startup/startup_stm32f411vetx.o
                0x0000000008000d74                Reset_Handler
 .text.Default_Handler
                0x0000000008000dc4        0x2 ./Core/Startup/startup_stm32f411vetx.o
                0x0000000008000dc4                RTC_Alarm_IRQHandler
                0x0000000008000dc4                EXTI2_IRQHandler
                0x0000000008000dc4                SPI4_IRQHandler
                0x0000000008000dc4                TIM1_CC_IRQHandler
                0x0000000008000dc4                DMA2_Stream5_IRQHandler
                0x0000000008000dc4                DMA1_Stream5_IRQHandler
                0x0000000008000dc4                PVD_IRQHandler
                0x0000000008000dc4                SDIO_IRQHandler
                0x0000000008000dc4                TAMP_STAMP_IRQHandler
                0x0000000008000dc4                EXTI3_IRQHandler
                0x0000000008000dc4                TIM1_UP_TIM10_IRQHandler
                0x0000000008000dc4                I2C3_ER_IRQHandler
                0x0000000008000dc4                EXTI0_IRQHandler
                0x0000000008000dc4                I2C2_EV_IRQHandler
                0x0000000008000dc4                DMA1_Stream2_IRQHandler
                0x0000000008000dc4                FPU_IRQHandler
                0x0000000008000dc4                DMA2_Stream2_IRQHandler
                0x0000000008000dc4                SPI1_IRQHandler
                0x0000000008000dc4                TIM1_BRK_TIM9_IRQHandler
                0x0000000008000dc4                DMA2_Stream3_IRQHandler
                0x0000000008000dc4                USART6_IRQHandler
                0x0000000008000dc4                DMA2_Stream0_IRQHandler
                0x0000000008000dc4                TIM4_IRQHandler
                0x0000000008000dc4                I2C1_EV_IRQHandler
                0x0000000008000dc4                DMA1_Stream6_IRQHandler
                0x0000000008000dc4                DMA1_Stream1_IRQHandler
                0x0000000008000dc4                TIM3_IRQHandler
                0x0000000008000dc4                RCC_IRQHandler
                0x0000000008000dc4                Default_Handler
                0x0000000008000dc4                EXTI15_10_IRQHandler
                0x0000000008000dc4                ADC_IRQHandler
                0x0000000008000dc4                DMA1_Stream7_IRQHandler
                0x0000000008000dc4                SPI5_IRQHandler
                0x0000000008000dc4                TIM5_IRQHandler
                0x0000000008000dc4                DMA2_Stream7_IRQHandler
                0x0000000008000dc4                I2C3_EV_IRQHandler
                0x0000000008000dc4                EXTI9_5_IRQHandler
                0x0000000008000dc4                RTC_WKUP_IRQHandler
                0x0000000008000dc4                SPI2_IRQHandler
                0x0000000008000dc4                DMA1_Stream0_IRQHandler
                0x0000000008000dc4                EXTI4_IRQHandler
                0x0000000008000dc4                WWDG_IRQHandler
                0x0000000008000dc4                TIM2_IRQHandler
                0x0000000008000dc4                OTG_FS_WKUP_IRQHandler
                0x0000000008000dc4                TIM1_TRG_COM_TIM11_IRQHandler
                0x0000000008000dc4                EXTI1_IRQHandler
                0x0000000008000dc4                USART2_IRQHandler
                0x0000000008000dc4                I2C2_ER_IRQHandler
                0x0000000008000dc4                DMA2_Stream1_IRQHandler
                0x0000000008000dc4                FLASH_IRQHandler
                0x0000000008000dc4                DMA2_Stream4_IRQHandler
                0x0000000008000dc4                USART1_IRQHandler
                0x0000000008000dc4                SPI3_IRQHandler
                0x0000000008000dc4                DMA1_Stream4_IRQHandler
                0x0000000008000dc4                I2C1_ER_IRQHandler
                0x0000000008000dc4                DMA2_Stream6_IRQHandler
                0x0000000008000dc4                DMA1_Stream3_IRQHandler
 *fill*         0x0000000008000dc6        0x2 
 .text.HAL_Init
                0x0000000008000dc8       0x44 ./Drivers/STM32F4xx_HAL_Driver/Src/stm32f4xx_hal.o
                0x0000000008000dc8                HAL_Init
 .text.HAL_InitTick
                0x0000000008000e0c       0x60 ./Drivers/STM32F4xx_HAL_Driver/Src/stm32f4xx_hal.o
                0x0000000008000e0c                HAL_InitTick
 .text.HAL_IncTick
                0x0000000008000e6c       0x28 ./Drivers/STM32F4xx_HAL_Driver/Src/stm32f4xx_hal.o
                0x0000000008000e6c                HAL_IncTick
 .text.HAL_GetTick
                0x0000000008000e94       0x18 ./Drivers/STM32F4xx_HAL_Driver/Src/stm32f4xx_hal.o
                0x0000000008000e94                HAL_GetTick
 .text.HAL_Delay
                0x0000000008000eac       0x48 ./Drivers/STM32F4xx_HAL_Driver/Src/stm32f4xx_hal.o
                0x0000000008000eac                HAL_Delay
 .text.__NVIC_SetPriorityGrouping
                0x0000000008000ef4       0x48 ./Drivers/STM32F4xx_HAL_Driver/Src/stm32f4xx_hal_cortex.o
 .text.__NVIC_GetPriorityGrouping
                0x0000000008000f3c       0x1c ./Drivers/STM32F4xx_HAL_Driver/Src/stm32f4xx_hal_cortex.o
 .text.__NVIC_EnableIRQ
                0x0000000008000f58       0x3c ./Drivers/STM32F4xx_HAL_Driver/Src/stm32f4xx_hal_cortex.o
 .text.__NVIC_SetPriority
                0x0000000008000f94       0x54 ./Drivers/STM32F4xx_HAL_Driver/Src/stm32f4xx_hal_cortex.o
 .text.NVIC_EncodePriority
                0x0000000008000fe8       0x66 ./Drivers/STM32F4xx_HAL_Driver/Src/stm32f4xx_hal_cortex.o
 *fill*         0x000000000800104e        0x2 
 .text.SysTick_Config
                0x0000000008001050       0x44 ./Drivers/STM32F4xx_HAL_Driver/Src/stm32f4xx_hal_cortex.o
 .text.HAL_NVIC_SetPriorityGrouping
                0x0000000008001094       0x16 ./Drivers/STM32F4xx_HAL_Driver/Src/stm32f4xx_hal_cortex.o
                0x0000000008001094                HAL_NVIC_SetPriorityGrouping
 .text.HAL_NVIC_SetPriority
                0x00000000080010aa       0x38 ./Drivers/STM32F4xx_HAL_Driver/Src/stm32f4xx_hal_cortex.o
                0x00000000080010aa                HAL_NVIC_SetPriority
 .text.HAL_NVIC_EnableIRQ
                0x00000000080010e2       0x1c ./Drivers/STM32F4xx_HAL_Driver/Src/stm32f4xx_hal_cortex.o
                0x00000000080010e2                HAL_NVIC_EnableIRQ
 .text.HAL_SYSTICK_Config
                0x00000000080010fe       0x18 ./Drivers/STM32F4xx_HAL_Driver/Src/stm32f4xx_hal_cortex.o
                0x00000000080010fe                HAL_SYSTICK_Config
 *fill*         0x0000000008001116        0x2 
 .text.HAL_GPIO_Init
                0x0000000008001118      0x308 ./Drivers/STM32F4xx_HAL_Driver/Src/stm32f4xx_hal_gpio.o
                0x0000000008001118                HAL_GPIO_Init
 .text.HAL_GPIO_WritePin
                0x0000000008001420       0x32 ./Drivers/STM32F4xx_HAL_Driver/Src/stm32f4xx_hal_gpio.o
                0x0000000008001420                HAL_GPIO_WritePin
 .text.HAL_GPIO_TogglePin
                0x0000000008001452       0x34 ./Drivers/STM32F4xx_HAL_Driver/Src/stm32f4xx_hal_gpio.o
                0x0000000008001452                HAL_GPIO_TogglePin
 .text.HAL_HCD_Init
                0x0000000008001486       0xc4 ./Drivers/STM32F4xx_HAL_Driver/Src/stm32f4xx_hal_hcd.o
                0x0000000008001486                HAL_HCD_Init
 .text.HAL_HCD_HC_Init
                0x000000000800154a      0x11e ./Drivers/STM32F4xx_HAL_Driver/Src/stm32f4xx_hal_hcd.o
                0x000000000800154a                HAL_HCD_HC_Init
 .text.HAL_HCD_HC_Halt
                0x0000000008001668       0x46 ./Drivers/STM32F4xx_HAL_Driver/Src/stm32f4xx_hal_hcd.o
                0x0000000008001668                HAL_HCD_HC_Halt
 *fill*         0x00000000080016ae        0x2 
 .text.HAL_HCD_HC_SubmitRequest
                0x00000000080016b0      0x2ac ./Drivers/STM32F4xx_HAL_Driver/Src/stm32f4xx_hal_hcd.o
                0x00000000080016b0                HAL_HCD_HC_SubmitRequest
 .text.HAL_HCD_IRQHandler
                0x000000000800195c      0x216 ./Drivers/STM32F4xx_HAL_Driver/Src/stm32f4xx_hal_hcd.o
                0x000000000800195c                HAL_HCD_IRQHandler
 .text.HAL_HCD_Start
                0x0000000008001b72       0x46 ./Drivers/STM32F4xx_HAL_Driver/Src/stm32f4xx_hal_hcd.o
                0x0000000008001b72                HAL_HCD_Start
 .text.HAL_HCD_Stop
                0x0000000008001bb8       0x3a ./Drivers/STM32F4xx_HAL_Driver/Src/stm32f4xx_hal_hcd.o
                0x0000000008001bb8                HAL_HCD_Stop
 .text.HAL_HCD_ResetPort
                0x0000000008001bf2       0x1c ./Drivers/STM32F4xx_HAL_Driver/Src/stm32f4xx_hal_hcd.o
                0x0000000008001bf2                HAL_HCD_ResetPort
 .text.HAL_HCD_HC_GetURBState
                0x0000000008001c0e       0x28 ./Drivers/STM32F4xx_HAL_Driver/Src/stm32f4xx_hal_hcd.o
                0x0000000008001c0e                HAL_HCD_HC_GetURBState
 .text.HAL_HCD_HC_GetXferCount
                0x0000000008001c36       0x28 ./Drivers/STM32F4xx_HAL_Driver/Src/stm32f4xx_hal_hcd.o
                0x0000000008001c36                HAL_HCD_HC_GetXferCount
 .text.HAL_HCD_GetCurrentFrame
                0x0000000008001c5e       0x1c ./Drivers/STM32F4xx_HAL_Driver/Src/stm32f4xx_hal_hcd.o
                0x0000000008001c5e                HAL_HCD_GetCurrentFrame
 .text.HAL_HCD_GetCurrentSpeed
                0x0000000008001c7a       0x1c ./Drivers/STM32F4xx_HAL_Driver/Src/stm32f4xx_hal_hcd.o
                0x0000000008001c7a                HAL_HCD_GetCurrentSpeed
 .text.HCD_HC_IN_IRQHandler
                0x0000000008001c96      0x6aa ./Drivers/STM32F4xx_HAL_Driver/Src/stm32f4xx_hal_hcd.o
 .text.HCD_HC_OUT_IRQHandler
                0x0000000008002340      0x6d2 ./Drivers/STM32F4xx_HAL_Driver/Src/stm32f4xx_hal_hcd.o
 .text.HCD_RXQLVL_IRQHandler
                0x0000000008002a12      0x1a4 ./Drivers/STM32F4xx_HAL_Driver/Src/stm32f4xx_hal_hcd.o
 .text.HCD_Port_IRQHandler
                0x0000000008002bb6       0xe6 ./Drivers/STM32F4xx_HAL_Driver/Src/stm32f4xx_hal_hcd.o
 .text.HAL_I2C_Init
                0x0000000008002c9c      0x288 ./Drivers/STM32F4xx_HAL_Driver/Src/stm32f4xx_hal_i2c.o
                0x0000000008002c9c                HAL_I2C_Init
 .text.HAL_I2S_Init
                0x0000000008002f24      0x280 ./Drivers/STM32F4xx_HAL_Driver/Src/stm32f4xx_hal_i2s.o
                0x0000000008002f24                HAL_I2S_Init
 .text.HAL_I2S_TxCpltCallback
                0x00000000080031a4       0x14 ./Drivers/STM32F4xx_HAL_Driver/Src/stm32f4xx_hal_i2s.o
                0x00000000080031a4                HAL_I2S_TxCpltCallback
 .text.HAL_I2S_RxCpltCallback
                0x00000000080031b8       0x14 ./Drivers/STM32F4xx_HAL_Driver/Src/stm32f4xx_hal_i2s.o
                0x00000000080031b8                HAL_I2S_RxCpltCallback
 .text.HAL_I2S_ErrorCallback
                0x00000000080031cc       0x14 ./Drivers/STM32F4xx_HAL_Driver/Src/stm32f4xx_hal_i2s.o
                0x00000000080031cc                HAL_I2S_ErrorCallback
 .text.I2S_Transmit_IT
                0x00000000080031e0       0x5c ./Drivers/STM32F4xx_HAL_Driver/Src/stm32f4xx_hal_i2s.o
 .text.I2S_Receive_IT
                0x000000000800323c       0x5e ./Drivers/STM32F4xx_HAL_Driver/Src/stm32f4xx_hal_i2s.o
 .text.I2S_IRQHandler
                0x000000000800329a      0x114 ./Drivers/STM32F4xx_HAL_Driver/Src/stm32f4xx_hal_i2s.o
 *fill*         0x00000000080033ae        0x2 
 .text.HAL_I2SEx_FullDuplex_IRQHandler
                0x00000000080033b0      0x2a8 ./Drivers/STM32F4xx_HAL_Driver/Src/stm32f4xx_hal_i2s_ex.o
                0x00000000080033b0                HAL_I2SEx_FullDuplex_IRQHandler
 .text.HAL_I2SEx_TxRxCpltCallback
                0x0000000008003658       0x14 ./Drivers/STM32F4xx_HAL_Driver/Src/stm32f4xx_hal_i2s_ex.o
                0x0000000008003658                HAL_I2SEx_TxRxCpltCallback
 .text.I2SEx_TxISR_I2S
                0x000000000800366c       0x62 ./Drivers/STM32F4xx_HAL_Driver/Src/stm32f4xx_hal_i2s_ex.o
 *fill*         0x00000000080036ce        0x2 
 .text.I2SEx_TxISR_I2SExt
                0x00000000080036d0       0x98 ./Drivers/STM32F4xx_HAL_Driver/Src/stm32f4xx_hal_i2s_ex.o
 .text.I2SEx_RxISR_I2S
                0x0000000008003768       0x64 ./Drivers/STM32F4xx_HAL_Driver/Src/stm32f4xx_hal_i2s_ex.o
 .text.I2SEx_RxISR_I2SExt
                0x00000000080037cc       0x98 ./Drivers/STM32F4xx_HAL_Driver/Src/stm32f4xx_hal_i2s_ex.o
 .text.HAL_RCC_OscConfig
                0x0000000008003864      0x4f0 ./Drivers/STM32F4xx_HAL_Driver/Src/stm32f4xx_hal_rcc.o
                0x0000000008003864                HAL_RCC_OscConfig
 .text.HAL_RCC_ClockConfig
                0x0000000008003d54      0x1cc ./Drivers/STM32F4xx_HAL_Driver/Src/stm32f4xx_hal_rcc.o
                0x0000000008003d54                HAL_RCC_ClockConfig
 .text.HAL_RCC_GetSysClockFreq
                0x0000000008003f20      0x20c ./Drivers/STM32F4xx_HAL_Driver/Src/stm32f4xx_hal_rcc.o
                0x0000000008003f20                HAL_RCC_GetSysClockFreq
 .text.HAL_RCC_GetHCLKFreq
                0x000000000800412c       0x18 ./Drivers/STM32F4xx_HAL_Driver/Src/stm32f4xx_hal_rcc.o
                0x000000000800412c                HAL_RCC_GetHCLKFreq
 .text.HAL_RCC_GetPCLK1Freq
                0x0000000008004144       0x28 ./Drivers/STM32F4xx_HAL_Driver/Src/stm32f4xx_hal_rcc.o
                0x0000000008004144                HAL_RCC_GetPCLK1Freq
 .text.HAL_RCCEx_PeriphCLKConfig
                0x000000000800416c      0x1e0 ./Drivers/STM32F4xx_HAL_Driver/Src/stm32f4xx_hal_rcc_ex.o
                0x000000000800416c                HAL_RCCEx_PeriphCLKConfig
 .text.HAL_RCCEx_GetPeriphCLKFreq
                0x000000000800434c       0xc0 ./Drivers/STM32F4xx_HAL_Driver/Src/stm32f4xx_hal_rcc_ex.o
                0x000000000800434c                HAL_RCCEx_GetPeriphCLKFreq
 .text.HAL_SPI_Init
                0x000000000800440c      0x112 ./Drivers/STM32F4xx_HAL_Driver/Src/stm32f4xx_hal_spi.o
                0x000000000800440c                HAL_SPI_Init
 .text.USB_CoreInit
                0x000000000800451e       0xc2 ./Drivers/STM32F4xx_HAL_Driver/Src/stm32f4xx_ll_usb.o
                0x000000000800451e                USB_CoreInit
 .text.USB_EnableGlobalInt
                0x00000000080045e0       0x22 ./Drivers/STM32F4xx_HAL_Driver/Src/stm32f4xx_ll_usb.o
                0x00000000080045e0                USB_EnableGlobalInt
 .text.USB_DisableGlobalInt
                0x0000000008004602       0x22 ./Drivers/STM32F4xx_HAL_Driver/Src/stm32f4xx_ll_usb.o
                0x0000000008004602                USB_DisableGlobalInt
 .text.USB_SetCurrentMode
                0x0000000008004624       0x98 ./Drivers/STM32F4xx_HAL_Driver/Src/stm32f4xx_ll_usb.o
                0x0000000008004624                USB_SetCurrentMode
 .text.USB_FlushTxFifo
                0x00000000080046bc       0x68 ./Drivers/STM32F4xx_HAL_Driver/Src/stm32f4xx_ll_usb.o
                0x00000000080046bc                USB_FlushTxFifo
 .text.USB_FlushRxFifo
                0x0000000008004724       0x60 ./Drivers/STM32F4xx_HAL_Driver/Src/stm32f4xx_ll_usb.o
                0x0000000008004724                USB_FlushRxFifo
 .text.USB_WritePacket
                0x0000000008004784       0x7c ./Drivers/STM32F4xx_HAL_Driver/Src/stm32f4xx_ll_usb.o
                0x0000000008004784                USB_WritePacket
 .text.USB_ReadPacket
                0x0000000008004800       0xb0 ./Drivers/STM32F4xx_HAL_Driver/Src/stm32f4xx_ll_usb.o
                0x0000000008004800                USB_ReadPacket
 .text.USB_ReadInterrupts
                0x00000000080048b0       0x26 ./Drivers/STM32F4xx_HAL_Driver/Src/stm32f4xx_ll_usb.o
                0x00000000080048b0                USB_ReadInterrupts
 .text.USB_GetMode
                0x00000000080048d6       0x1c ./Drivers/STM32F4xx_HAL_Driver/Src/stm32f4xx_ll_usb.o
                0x00000000080048d6                USB_GetMode
 *fill*         0x00000000080048f2        0x2 
 .text.USB_CoreReset
                0x00000000080048f4       0x68 ./Drivers/STM32F4xx_HAL_Driver/Src/stm32f4xx_ll_usb.o
 .text.USB_HostInit
                0x000000000800495c      0x180 ./Drivers/STM32F4xx_HAL_Driver/Src/stm32f4xx_ll_usb.o
                0x000000000800495c                USB_HostInit
 .text.USB_InitFSLSPClkSel
                0x0000000008004adc       0x74 ./Drivers/STM32F4xx_HAL_Driver/Src/stm32f4xx_ll_usb.o
                0x0000000008004adc                USB_InitFSLSPClkSel
 .text.USB_ResetPort
                0x0000000008004b50       0x54 ./Drivers/STM32F4xx_HAL_Driver/Src/stm32f4xx_ll_usb.o
                0x0000000008004b50                USB_ResetPort
 .text.USB_DriveVbus
                0x0000000008004ba4       0x72 ./Drivers/STM32F4xx_HAL_Driver/Src/stm32f4xx_ll_usb.o
                0x0000000008004ba4                USB_DriveVbus
 .text.USB_GetHostSpeed
                0x0000000008004c16       0x2e ./Drivers/STM32F4xx_HAL_Driver/Src/stm32f4xx_ll_usb.o
                0x0000000008004c16                USB_GetHostSpeed
 .text.USB_GetCurrentFrame
                0x0000000008004c44       0x22 ./Drivers/STM32F4xx_HAL_Driver/Src/stm32f4xx_ll_usb.o
                0x0000000008004c44                USB_GetCurrentFrame
 *fill*         0x0000000008004c66        0x2 
 .text.USB_HC_Init
                0x0000000008004c68      0x244 ./Drivers/STM32F4xx_HAL_Driver/Src/stm32f4xx_ll_usb.o
                0x0000000008004c68                USB_HC_Init
 .text.USB_HC_StartXfer
                0x0000000008004eac      0x284 ./Drivers/STM32F4xx_HAL_Driver/Src/stm32f4xx_ll_usb.o
                0x0000000008004eac                USB_HC_StartXfer
 .text.USB_HC_ReadInterrupt
                0x0000000008005130       0x22 ./Drivers/STM32F4xx_HAL_Driver/Src/stm32f4xx_ll_usb.o
                0x0000000008005130                USB_HC_ReadInterrupt
 .text.USB_HC_Halt
                0x0000000008005152      0x1f8 ./Drivers/STM32F4xx_HAL_Driver/Src/stm32f4xx_ll_usb.o
                0x0000000008005152                USB_HC_Halt
 *fill*         0x000000000800534a        0x2 
 .text.USB_DoPing
                0x000000000800534c       0x78 ./Drivers/STM32F4xx_HAL_Driver/Src/stm32f4xx_ll_usb.o
                0x000000000800534c                USB_DoPing
 .text.USB_StopHost
                0x00000000080053c4      0x124 ./Drivers/STM32F4xx_HAL_Driver/Src/stm32f4xx_ll_usb.o
                0x00000000080053c4                USB_StopHost
 .text.USBH_CDC_InterfaceInit
                0x00000000080054e8      0x2ac ./Middlewares/ST/STM32_USB_Host_Library/Class/CDC/Src/usbh_cdc.o
 .text.USBH_CDC_InterfaceDeInit
                0x0000000008005794       0xb2 ./Middlewares/ST/STM32_USB_Host_Library/Class/CDC/Src/usbh_cdc.o
 .text.USBH_CDC_ClassRequest
                0x0000000008005846       0x3e ./Middlewares/ST/STM32_USB_Host_Library/Class/CDC/Src/usbh_cdc.o
 .text.USBH_CDC_Process
                0x0000000008005884      0x12c ./Middlewares/ST/STM32_USB_Host_Library/Class/CDC/Src/usbh_cdc.o
 .text.USBH_CDC_SOFProcess
                0x00000000080059b0       0x16 ./Middlewares/ST/STM32_USB_Host_Library/Class/CDC/Src/usbh_cdc.o
 .text.GetLineCoding
                0x00000000080059c6       0x3e ./Middlewares/ST/STM32_USB_Host_Library/Class/CDC/Src/usbh_cdc.o
 .text.SetLineCoding
                0x0000000008005a04       0x3e ./Middlewares/ST/STM32_USB_Host_Library/Class/CDC/Src/usbh_cdc.o
 .text.CDC_ProcessTransmission
                0x0000000008005a42       0xec ./Middlewares/ST/STM32_USB_Host_Library/Class/CDC/Src/usbh_cdc.o
 .text.CDC_ProcessReception
                0x0000000008005b2e       0xb6 ./Middlewares/ST/STM32_USB_Host_Library/Class/CDC/Src/usbh_cdc.o
 .text.USBH_CDC_TransmitCallback
                0x0000000008005be4       0x14 ./Middlewares/ST/STM32_USB_Host_Library/Class/CDC/Src/usbh_cdc.o
                0x0000000008005be4                USBH_CDC_TransmitCallback
 .text.USBH_CDC_ReceiveCallback
                0x0000000008005bf8       0x14 ./Middlewares/ST/STM32_USB_Host_Library/Class/CDC/Src/usbh_cdc.o
                0x0000000008005bf8                USBH_CDC_ReceiveCallback
 .text.USBH_CDC_LineCodingChanged
                0x0000000008005c0c       0x14 ./Middlewares/ST/STM32_USB_Host_Library/Class/CDC/Src/usbh_cdc.o
                0x0000000008005c0c                USBH_CDC_LineCodingChanged
 .text.USBH_Init
                0x0000000008005c20       0x74 ./Middlewares/ST/STM32_USB_Host_Library/Core/Src/usbh_core.o
                0x0000000008005c20                USBH_Init
 .text.DeInitStateMachine
                0x0000000008005c94       0xa8 ./Middlewares/ST/STM32_USB_Host_Library/Core/Src/usbh_core.o
 .text.USBH_RegisterClass
                0x0000000008005d3c       0x54 ./Middlewares/ST/STM32_USB_Host_Library/Core/Src/usbh_core.o
                0x0000000008005d3c                USBH_RegisterClass
 .text.USBH_SelectInterface
                0x0000000008005d90       0x38 ./Middlewares/ST/STM32_USB_Host_Library/Core/Src/usbh_core.o
                0x0000000008005d90                USBH_SelectInterface
 .text.USBH_FindInterface
                0x0000000008005dc8       0x8c ./Middlewares/ST/STM32_USB_Host_Library/Core/Src/usbh_core.o
                0x0000000008005dc8                USBH_FindInterface
 .text.USBH_Start
                0x0000000008005e54       0x20 ./Middlewares/ST/STM32_USB_Host_Library/Core/Src/usbh_core.o
                0x0000000008005e54                USBH_Start
 .text.USBH_Process
                0x0000000008005e74      0x3d8 ./Middlewares/ST/STM32_USB_Host_Library/Core/Src/usbh_core.o
                0x0000000008005e74                USBH_Process
 .text.USBH_HandleEnum
                0x000000000800624c      0x3c8 ./Middlewares/ST/STM32_USB_Host_Library/Core/Src/usbh_core.o
 .text.USBH_LL_SetTimer
                0x0000000008006614       0x1e ./Middlewares/ST/STM32_USB_Host_Library/Core/Src/usbh_core.o
                0x0000000008006614                USBH_LL_SetTimer
 .text.USBH_LL_IncTimer
                0x0000000008006632       0x24 ./Middlewares/ST/STM32_USB_Host_Library/Core/Src/usbh_core.o
                0x0000000008006632                USBH_LL_IncTimer
 .text.USBH_HandleSof
                0x0000000008006656       0x30 ./Middlewares/ST/STM32_USB_Host_Library/Core/Src/usbh_core.o
 .text.USBH_LL_PortEnabled
                0x0000000008006686       0x1c ./Middlewares/ST/STM32_USB_Host_Library/Core/Src/usbh_core.o
                0x0000000008006686                USBH_LL_PortEnabled
 .text.USBH_LL_PortDisabled
                0x00000000080066a2       0x1c ./Middlewares/ST/STM32_USB_Host_Library/Core/Src/usbh_core.o
                0x00000000080066a2                USBH_LL_PortDisabled
 .text.USBH_LL_Connect
                0x00000000080066be       0x2e ./Middlewares/ST/STM32_USB_Host_Library/Core/Src/usbh_core.o
                0x00000000080066be                USBH_LL_Connect
 .text.USBH_LL_Disconnect
                0x00000000080066ec       0x48 ./Middlewares/ST/STM32_USB_Host_Library/Core/Src/usbh_core.o
                0x00000000080066ec                USBH_LL_Disconnect
 .text.USBH_Get_DevDesc
                0x0000000008006734       0x50 ./Middlewares/ST/STM32_USB_Host_Library/Core/Src/usbh_ctlreq.o
                0x0000000008006734                USBH_Get_DevDesc
 .text.USBH_Get_CfgDesc
                0x0000000008006784       0x48 ./Middlewares/ST/STM32_USB_Host_Library/Core/Src/usbh_ctlreq.o
                0x0000000008006784                USBH_Get_CfgDesc
 .text.USBH_Get_StringDesc
                0x00000000080067cc       0x56 ./Middlewares/ST/STM32_USB_Host_Library/Core/Src/usbh_ctlreq.o
                0x00000000080067cc                USBH_Get_StringDesc
 .text.USBH_GetDescriptor
                0x0000000008006822       0x6a ./Middlewares/ST/STM32_USB_Host_Library/Core/Src/usbh_ctlreq.o
                0x0000000008006822                USBH_GetDescriptor
 .text.USBH_SetAddress
                0x000000000800688c       0x48 ./Middlewares/ST/STM32_USB_Host_Library/Core/Src/usbh_ctlreq.o
                0x000000000800688c                USBH_SetAddress
 .text.USBH_SetCfg
                0x00000000080068d4       0x46 ./Middlewares/ST/STM32_USB_Host_Library/Core/Src/usbh_ctlreq.o
                0x00000000080068d4                USBH_SetCfg
 .text.USBH_SetFeature
                0x000000000800691a       0x48 ./Middlewares/ST/STM32_USB_Host_Library/Core/Src/usbh_ctlreq.o
                0x000000000800691a                USBH_SetFeature
 .text.USBH_ClrFeature
                0x0000000008006962       0x48 ./Middlewares/ST/STM32_USB_Host_Library/Core/Src/usbh_ctlreq.o
                0x0000000008006962                USBH_ClrFeature
 *fill*         0x00000000080069aa        0x2 
 .text.USBH_ParseDevDesc
                0x00000000080069ac      0x124 ./Middlewares/ST/STM32_USB_Host_Library/Core/Src/usbh_ctlreq.o
 .text.USBH_ParseCfgDesc
                0x0000000008006ad0      0x1ec ./Middlewares/ST/STM32_USB_Host_Library/Core/Src/usbh_ctlreq.o
 .text.USBH_ParseInterfaceDesc
                0x0000000008006cbc       0x5e ./Middlewares/ST/STM32_USB_Host_Library/Core/Src/usbh_ctlreq.o
 .text.USBH_ParseEPDesc
                0x0000000008006d1a      0x14a ./Middlewares/ST/STM32_USB_Host_Library/Core/Src/usbh_ctlreq.o
 .text.USBH_ParseStringDesc
                0x0000000008006e64       0x66 ./Middlewares/ST/STM32_USB_Host_Library/Core/Src/usbh_ctlreq.o
 .text.USBH_GetNextDesc
                0x0000000008006eca       0x36 ./Middlewares/ST/STM32_USB_Host_Library/Core/Src/usbh_ctlreq.o
                0x0000000008006eca                USBH_GetNextDesc
 .text.USBH_CtlReq
                0x0000000008006f00       0x7a ./Middlewares/ST/STM32_USB_Host_Library/Core/Src/usbh_ctlreq.o
                0x0000000008006f00                USBH_CtlReq
 *fill*         0x0000000008006f7a        0x2 
 .text.USBH_HandleControl
                0x0000000008006f7c      0x2e8 ./Middlewares/ST/STM32_USB_Host_Library/Core/Src/usbh_ctlreq.o
 .text.USBH_CtlSendSetup
                0x0000000008007264       0x34 ./Middlewares/ST/STM32_USB_Host_Library/Core/Src/usbh_ioreq.o
                0x0000000008007264                USBH_CtlSendSetup
 .text.USBH_CtlSendData
                0x0000000008007298       0x4a ./Middlewares/ST/STM32_USB_Host_Library/Core/Src/usbh_ioreq.o
                0x0000000008007298                USBH_CtlSendData
 .text.USBH_CtlReceiveData
                0x00000000080072e2       0x3c ./Middlewares/ST/STM32_USB_Host_Library/Core/Src/usbh_ioreq.o
                0x00000000080072e2                USBH_CtlReceiveData
 .text.USBH_BulkSendData
                0x000000000800731e       0x4a ./Middlewares/ST/STM32_USB_Host_Library/Core/Src/usbh_ioreq.o
                0x000000000800731e                USBH_BulkSendData
 .text.USBH_BulkReceiveData
                0x0000000008007368       0x3c ./Middlewares/ST/STM32_USB_Host_Library/Core/Src/usbh_ioreq.o
                0x0000000008007368                USBH_BulkReceiveData
 .text.USBH_OpenPipe
                0x00000000080073a4       0x3e ./Middlewares/ST/STM32_USB_Host_Library/Core/Src/usbh_pipes.o
                0x00000000080073a4                USBH_OpenPipe
 .text.USBH_ClosePipe
                0x00000000080073e2       0x20 ./Middlewares/ST/STM32_USB_Host_Library/Core/Src/usbh_pipes.o
                0x00000000080073e2                USBH_ClosePipe
 .text.USBH_AllocPipe
                0x0000000008007402       0x42 ./Middlewares/ST/STM32_USB_Host_Library/Core/Src/usbh_pipes.o
                0x0000000008007402                USBH_AllocPipe
 .text.USBH_FreePipe
                0x0000000008007444       0x3c ./Middlewares/ST/STM32_USB_Host_Library/Core/Src/usbh_pipes.o
                0x0000000008007444                USBH_FreePipe
 .text.USBH_GetFreePipe
                0x0000000008007480       0x48 ./Middlewares/ST/STM32_USB_Host_Library/Core/Src/usbh_pipes.o
 .text.MX_USB_HOST_Init
                0x00000000080074c8       0x4c ./USB_HOST/App/usb_host.o
                0x00000000080074c8                MX_USB_HOST_Init
 .text.MX_USB_HOST_Process
                0x0000000008007514       0x14 ./USB_HOST/App/usb_host.o
                0x0000000008007514                MX_USB_HOST_Process
 .text.USBH_UserProcess
                0x0000000008007528       0x5c ./USB_HOST/App/usb_host.o
 .text.HAL_HCD_MspInit
                0x0000000008007584       0xc4 ./USB_HOST/Target/usbh_conf.o
                0x0000000008007584                HAL_HCD_MspInit
 .text.HAL_HCD_SOF_Callback
                0x0000000008007648       0x1c ./USB_HOST/Target/usbh_conf.o
                0x0000000008007648                HAL_HCD_SOF_Callback
 .text.HAL_HCD_Connect_Callback
                0x0000000008007664       0x1c ./USB_HOST/Target/usbh_conf.o
                0x0000000008007664                HAL_HCD_Connect_Callback
 .text.HAL_HCD_Disconnect_Callback
                0x0000000008007680       0x1c ./USB_HOST/Target/usbh_conf.o
                0x0000000008007680                HAL_HCD_Disconnect_Callback
 .text.HAL_HCD_HC_NotifyURBChange_Callback
                0x000000000800769c       0x1c ./USB_HOST/Target/usbh_conf.o
                0x000000000800769c                HAL_HCD_HC_NotifyURBChange_Callback
 .text.HAL_HCD_PortEnabled_Callback
                0x00000000080076b8       0x1c ./USB_HOST/Target/usbh_conf.o
                0x00000000080076b8                HAL_HCD_PortEnabled_Callback
 .text.HAL_HCD_PortDisabled_Callback
                0x00000000080076d4       0x1c ./USB_HOST/Target/usbh_conf.o
                0x00000000080076d4                HAL_HCD_PortDisabled_Callback
 .text.USBH_LL_Init
                0x00000000080076f0       0x78 ./USB_HOST/Target/usbh_conf.o
                0x00000000080076f0                USBH_LL_Init
 .text.USBH_LL_Start
                0x0000000008007768       0x36 ./USB_HOST/Target/usbh_conf.o
                0x0000000008007768                USBH_LL_Start
 .text.USBH_LL_Stop
                0x000000000800779e       0x36 ./USB_HOST/Target/usbh_conf.o
                0x000000000800779e                USBH_LL_Stop
 .text.USBH_LL_GetSpeed
                0x00000000080077d4       0x4e ./USB_HOST/Target/usbh_conf.o
                0x00000000080077d4                USBH_LL_GetSpeed
 .text.USBH_LL_ResetPort
                0x0000000008007822       0x36 ./USB_HOST/Target/usbh_conf.o
                0x0000000008007822                USBH_LL_ResetPort
 .text.USBH_LL_GetLastXferSize
                0x0000000008007858       0x26 ./USB_HOST/Target/usbh_conf.o
                0x0000000008007858                USBH_LL_GetLastXferSize
 .text.USBH_LL_OpenPipe
                0x000000000800787e       0x5e ./USB_HOST/Target/usbh_conf.o
                0x000000000800787e                USBH_LL_OpenPipe
 .text.USBH_LL_ClosePipe
                0x00000000080078dc       0x3e ./USB_HOST/Target/usbh_conf.o
                0x00000000080078dc                USBH_LL_ClosePipe
 .text.USBH_LL_SubmitURB
                0x000000000800791a       0x62 ./USB_HOST/Target/usbh_conf.o
                0x000000000800791a                USBH_LL_SubmitURB
 .text.USBH_LL_GetURBState
                0x000000000800797c       0x26 ./USB_HOST/Target/usbh_conf.o
                0x000000000800797c                USBH_LL_GetURBState
 .text.USBH_LL_DriverVBUS
                0x00000000080079a2       0x2e ./USB_HOST/Target/usbh_conf.o
                0x00000000080079a2                USBH_LL_DriverVBUS
 .text.USBH_LL_SetToggle
                0x00000000080079d0       0x60 ./USB_HOST/Target/usbh_conf.o
                0x00000000080079d0                USBH_LL_SetToggle
 .text.USBH_Delay
                0x0000000008007a30       0x16 ./USB_HOST/Target/usbh_conf.o
                0x0000000008007a30                USBH_Delay
 *fill*         0x0000000008007a46        0x2 
 .text.USBH_Get_USB_Status
                0x0000000008007a48       0x58 ./USB_HOST/Target/usbh_conf.o
                0x0000000008007a48                USBH_Get_USB_Status
 .text.MX_DriverVbusFS
                0x0000000008007aa0       0x38 ./USB_HOST/Target/usbh_platform.o
                0x0000000008007aa0                MX_DriverVbusFS
 .text.malloc   0x0000000008007ad8       0x10 C:/ST/STM32CubeIDE_1.13.2/STM32CubeIDE/plugins/com.st.stm32cube.ide.mcu.externaltools.gnu-tools-for-stm32.11.3.rel1.win32_1.1.1.202309131626/tools/bin/../lib/gcc/arm-none-eabi/11.3.1/../../../../arm-none-eabi/lib/thumb/v7e-m+fp/hard\libc_nano.a(libc_a-malloc.o)
                0x0000000008007ad8                malloc
 .text.free     0x0000000008007ae8       0x10 C:/ST/STM32CubeIDE_1.13.2/STM32CubeIDE/plugins/com.st.stm32cube.ide.mcu.externaltools.gnu-tools-for-stm32.11.3.rel1.win32_1.1.1.202309131626/tools/bin/../lib/gcc/arm-none-eabi/11.3.1/../../../../arm-none-eabi/lib/thumb/v7e-m+fp/hard\libc_nano.a(libc_a-malloc.o)
                0x0000000008007ae8                free
 .text.sbrk_aligned
                0x0000000008007af8       0x40 C:/ST/STM32CubeIDE_1.13.2/STM32CubeIDE/plugins/com.st.stm32cube.ide.mcu.externaltools.gnu-tools-for-stm32.11.3.rel1.win32_1.1.1.202309131626/tools/bin/../lib/gcc/arm-none-eabi/11.3.1/../../../../arm-none-eabi/lib/thumb/v7e-m+fp/hard\libc_nano.a(libc_a-mallocr.o)
 .text._malloc_r
                0x0000000008007b38      0x100 C:/ST/STM32CubeIDE_1.13.2/STM32CubeIDE/plugins/com.st.stm32cube.ide.mcu.externaltools.gnu-tools-for-stm32.11.3.rel1.win32_1.1.1.202309131626/tools/bin/../lib/gcc/arm-none-eabi/11.3.1/../../../../arm-none-eabi/lib/thumb/v7e-m+fp/hard\libc_nano.a(libc_a-mallocr.o)
                0x0000000008007b38                _malloc_r
 .text.__malloc_lock
                0x0000000008007c38        0xc C:/ST/STM32CubeIDE_1.13.2/STM32CubeIDE/plugins/com.st.stm32cube.ide.mcu.externaltools.gnu-tools-for-stm32.11.3.rel1.win32_1.1.1.202309131626/tools/bin/../lib/gcc/arm-none-eabi/11.3.1/../../../../arm-none-eabi/lib/thumb/v7e-m+fp/hard\libc_nano.a(libc_a-mlock.o)
                0x0000000008007c38                __malloc_lock
 .text.__malloc_unlock
                0x0000000008007c44        0xc C:/ST/STM32CubeIDE_1.13.2/STM32CubeIDE/plugins/com.st.stm32cube.ide.mcu.externaltools.gnu-tools-for-stm32.11.3.rel1.win32_1.1.1.202309131626/tools/bin/../lib/gcc/arm-none-eabi/11.3.1/../../../../arm-none-eabi/lib/thumb/v7e-m+fp/hard\libc_nano.a(libc_a-mlock.o)
                0x0000000008007c44                __malloc_unlock
 .text.memset   0x0000000008007c50       0x10 C:/ST/STM32CubeIDE_1.13.2/STM32CubeIDE/plugins/com.st.stm32cube.ide.mcu.externaltools.gnu-tools-for-stm32.11.3.rel1.win32_1.1.1.202309131626/tools/bin/../lib/gcc/arm-none-eabi/11.3.1/../../../../arm-none-eabi/lib/thumb/v7e-m+fp/hard\libc_nano.a(libc_a-memset.o)
                0x0000000008007c50                memset
 .text._sbrk_r  0x0000000008007c60       0x20 C:/ST/STM32CubeIDE_1.13.2/STM32CubeIDE/plugins/com.st.stm32cube.ide.mcu.externaltools.gnu-tools-for-stm32.11.3.rel1.win32_1.1.1.202309131626/tools/bin/../lib/gcc/arm-none-eabi/11.3.1/../../../../arm-none-eabi/lib/thumb/v7e-m+fp/hard\libc_nano.a(libc_a-sbrkr.o)
                0x0000000008007c60                _sbrk_r
 .text.__errno  0x0000000008007c80        0xc C:/ST/STM32CubeIDE_1.13.2/STM32CubeIDE/plugins/com.st.stm32cube.ide.mcu.externaltools.gnu-tools-for-stm32.11.3.rel1.win32_1.1.1.202309131626/tools/bin/../lib/gcc/arm-none-eabi/11.3.1/../../../../arm-none-eabi/lib/thumb/v7e-m+fp/hard\libc_nano.a(libc_a-errno.o)
                0x0000000008007c80                __errno
 .text.__libc_init_array
                0x0000000008007c8c       0x48 C:/ST/STM32CubeIDE_1.13.2/STM32CubeIDE/plugins/com.st.stm32cube.ide.mcu.externaltools.gnu-tools-for-stm32.11.3.rel1.win32_1.1.1.202309131626/tools/bin/../lib/gcc/arm-none-eabi/11.3.1/../../../../arm-none-eabi/lib/thumb/v7e-m+fp/hard\libc_nano.a(libc_a-init.o)
                0x0000000008007c8c                __libc_init_array
 .text.__retarget_lock_acquire_recursive
                0x0000000008007cd4        0x2 C:/ST/STM32CubeIDE_1.13.2/STM32CubeIDE/plugins/com.st.stm32cube.ide.mcu.externaltools.gnu-tools-for-stm32.11.3.rel1.win32_1.1.1.202309131626/tools/bin/../lib/gcc/arm-none-eabi/11.3.1/../../../../arm-none-eabi/lib/thumb/v7e-m+fp/hard\libc_nano.a(libc_a-lock.o)
                0x0000000008007cd4                __retarget_lock_acquire_recursive
 .text.__retarget_lock_release_recursive
                0x0000000008007cd6        0x2 C:/ST/STM32CubeIDE_1.13.2/STM32CubeIDE/plugins/com.st.stm32cube.ide.mcu.externaltools.gnu-tools-for-stm32.11.3.rel1.win32_1.1.1.202309131626/tools/bin/../lib/gcc/arm-none-eabi/11.3.1/../../../../arm-none-eabi/lib/thumb/v7e-m+fp/hard\libc_nano.a(libc_a-lock.o)
                0x0000000008007cd6                __retarget_lock_release_recursive
 .text._free_r  0x0000000008007cd8       0x98 C:/ST/STM32CubeIDE_1.13.2/STM32CubeIDE/plugins/com.st.stm32cube.ide.mcu.externaltools.gnu-tools-for-stm32.11.3.rel1.win32_1.1.1.202309131626/tools/bin/../lib/gcc/arm-none-eabi/11.3.1/../../../../arm-none-eabi/lib/thumb/v7e-m+fp/hard\libc_nano.a(libc_a-freer.o)
                0x0000000008007cd8                _free_r
 *(.glue_7)
 .glue_7        0x0000000008007d70        0x0 linker stubs
 *(.glue_7t)
 .glue_7t       0x0000000008007d70        0x0 linker stubs
 *(.eh_frame)
 .eh_frame      0x0000000008007d70        0x0 C:/ST/STM32CubeIDE_1.13.2/STM32CubeIDE/plugins/com.st.stm32cube.ide.mcu.externaltools.gnu-tools-for-stm32.11.3.rel1.win32_1.1.1.202309131626/tools/bin/../lib/gcc/arm-none-eabi/11.3.1/thumb/v7e-m+fp/hard/crtbegin.o
 *(.init)
 .init          0x0000000008007d70        0x4 C:/ST/STM32CubeIDE_1.13.2/STM32CubeIDE/plugins/com.st.stm32cube.ide.mcu.externaltools.gnu-tools-for-stm32.11.3.rel1.win32_1.1.1.202309131626/tools/bin/../lib/gcc/arm-none-eabi/11.3.1/thumb/v7e-m+fp/hard/crti.o
                0x0000000008007d70                _init
 .init          0x0000000008007d74        0x8 C:/ST/STM32CubeIDE_1.13.2/STM32CubeIDE/plugins/com.st.stm32cube.ide.mcu.externaltools.gnu-tools-for-stm32.11.3.rel1.win32_1.1.1.202309131626/tools/bin/../lib/gcc/arm-none-eabi/11.3.1/thumb/v7e-m+fp/hard/crtn.o
 *(.fini)
 .fini          0x0000000008007d7c        0x4 C:/ST/STM32CubeIDE_1.13.2/STM32CubeIDE/plugins/com.st.stm32cube.ide.mcu.externaltools.gnu-tools-for-stm32.11.3.rel1.win32_1.1.1.202309131626/tools/bin/../lib/gcc/arm-none-eabi/11.3.1/thumb/v7e-m+fp/hard/crti.o
                0x0000000008007d7c                _fini
 .fini          0x0000000008007d80        0x8 C:/ST/STM32CubeIDE_1.13.2/STM32CubeIDE/plugins/com.st.stm32cube.ide.mcu.externaltools.gnu-tools-for-stm32.11.3.rel1.win32_1.1.1.202309131626/tools/bin/../lib/gcc/arm-none-eabi/11.3.1/thumb/v7e-m+fp/hard/crtn.o
                0x0000000008007d88                . = ALIGN (0x4)
                0x0000000008007d88                _etext = .

.vfp11_veneer   0x0000000008007d88        0x0
 .vfp11_veneer  0x0000000008007d88        0x0 linker stubs

.v4_bx          0x0000000008007d88        0x0
 .v4_bx         0x0000000008007d88        0x0 linker stubs

.iplt           0x0000000008007d88        0x0
 .iplt          0x0000000008007d88        0x0 C:/ST/STM32CubeIDE_1.13.2/STM32CubeIDE/plugins/com.st.stm32cube.ide.mcu.externaltools.gnu-tools-for-stm32.11.3.rel1.win32_1.1.1.202309131626/tools/bin/../lib/gcc/arm-none-eabi/11.3.1/thumb/v7e-m+fp/hard/crtbegin.o

.rodata         0x0000000008007d88       0x1c
                0x0000000008007d88                . = ALIGN (0x4)
 *(.rodata)
 .rodata        0x0000000008007d88        0x4 ./Middlewares/ST/STM32_USB_Host_Library/Class/CDC/Src/usbh_cdc.o
 *(.rodata*)
 .rodata.AHBPrescTable
                0x0000000008007d8c       0x10 ./Core/Src/system_stm32f4xx.o
                0x0000000008007d8c                AHBPrescTable
 .rodata.APBPrescTable
                0x0000000008007d9c        0x8 ./Core/Src/system_stm32f4xx.o
                0x0000000008007d9c                APBPrescTable
                0x0000000008007da4                . = ALIGN (0x4)

.ARM.extab      0x0000000008007da4        0x0
                0x0000000008007da4                . = ALIGN (0x4)
 *(.ARM.extab* .gnu.linkonce.armextab.*)
                0x0000000008007da4                . = ALIGN (0x4)

.ARM            0x0000000008007da4        0x8
                0x0000000008007da4                . = ALIGN (0x4)
                0x0000000008007da4                __exidx_start = .
 *(.ARM.exidx*)
 .ARM.exidx     0x0000000008007da4        0x8 C:/ST/STM32CubeIDE_1.13.2/STM32CubeIDE/plugins/com.st.stm32cube.ide.mcu.externaltools.gnu-tools-for-stm32.11.3.rel1.win32_1.1.1.202309131626/tools/bin/../lib/gcc/arm-none-eabi/11.3.1/thumb/v7e-m+fp/hard\libgcc.a(_udivmoddi4.o)
                0x0000000008007dac                __exidx_end = .
                0x0000000008007dac                . = ALIGN (0x4)

.rel.dyn        0x0000000008007dac        0x0
 .rel.iplt      0x0000000008007dac        0x0 C:/ST/STM32CubeIDE_1.13.2/STM32CubeIDE/plugins/com.st.stm32cube.ide.mcu.externaltools.gnu-tools-for-stm32.11.3.rel1.win32_1.1.1.202309131626/tools/bin/../lib/gcc/arm-none-eabi/11.3.1/thumb/v7e-m+fp/hard/crtbegin.o

.preinit_array  0x0000000008007dac        0x0
                0x0000000008007dac                . = ALIGN (0x4)
                0x0000000008007dac                PROVIDE (__preinit_array_start = .)
 *(.preinit_array*)
                0x0000000008007dac                PROVIDE (__preinit_array_end = .)
                0x0000000008007dac                . = ALIGN (0x4)

.init_array     0x0000000008007dac        0x4
                0x0000000008007dac                . = ALIGN (0x4)
                0x0000000008007dac                PROVIDE (__init_array_start = .)
 *(SORT_BY_NAME(.init_array.*))
 *(.init_array*)
 .init_array    0x0000000008007dac        0x4 C:/ST/STM32CubeIDE_1.13.2/STM32CubeIDE/plugins/com.st.stm32cube.ide.mcu.externaltools.gnu-tools-for-stm32.11.3.rel1.win32_1.1.1.202309131626/tools/bin/../lib/gcc/arm-none-eabi/11.3.1/thumb/v7e-m+fp/hard/crtbegin.o
                0x0000000008007db0                PROVIDE (__init_array_end = .)
                0x0000000008007db0                . = ALIGN (0x4)

.fini_array     0x0000000008007db0        0x4
                0x0000000008007db0                . = ALIGN (0x4)
                [!provide]                        PROVIDE (__fini_array_start = .)
 *(SORT_BY_NAME(.fini_array.*))
 *(.fini_array*)
 .fini_array    0x0000000008007db0        0x4 C:/ST/STM32CubeIDE_1.13.2/STM32CubeIDE/plugins/com.st.stm32cube.ide.mcu.externaltools.gnu-tools-for-stm32.11.3.rel1.win32_1.1.1.202309131626/tools/bin/../lib/gcc/arm-none-eabi/11.3.1/thumb/v7e-m+fp/hard/crtbegin.o
                [!provide]                        PROVIDE (__fini_array_end = .)
                0x0000000008007db4                . = ALIGN (0x4)
                0x0000000008007db4                _sidata = LOADADDR (.data)

.data           0x0000000020000000       0x7c load address 0x0000000008007db4
                0x0000000020000000                . = ALIGN (0x4)
                0x0000000020000000                _sdata = .
 *(.data)
 *(.data*)
 .data.SystemCoreClock
                0x0000000020000000        0x4 ./Core/Src/system_stm32f4xx.o
                0x0000000020000000                SystemCoreClock
 .data.uwTickPrio
                0x0000000020000004        0x4 ./Drivers/STM32F4xx_HAL_Driver/Src/stm32f4xx_hal.o
                0x0000000020000004                uwTickPrio
 .data.uwTickFreq
                0x0000000020000008        0x1 ./Drivers/STM32F4xx_HAL_Driver/Src/stm32f4xx_hal.o
                0x0000000020000008                uwTickFreq
 *fill*         0x0000000020000009        0x3 
 .data.CDC_Class
                0x000000002000000c       0x20 ./Middlewares/ST/STM32_USB_Host_Library/Class/CDC/Src/usbh_cdc.o
                0x000000002000000c                CDC_Class
 .data._impure_data
                0x000000002000002c       0x4c C:/ST/STM32CubeIDE_1.13.2/STM32CubeIDE/plugins/com.st.stm32cube.ide.mcu.externaltools.gnu-tools-for-stm32.11.3.rel1.win32_1.1.1.202309131626/tools/bin/../lib/gcc/arm-none-eabi/11.3.1/../../../../arm-none-eabi/lib/thumb/v7e-m+fp/hard\libc_nano.a(libc_a-impure.o)
                0x000000002000002c                _impure_data
 .data._impure_ptr
                0x0000000020000078        0x4 C:/ST/STM32CubeIDE_1.13.2/STM32CubeIDE/plugins/com.st.stm32cube.ide.mcu.externaltools.gnu-tools-for-stm32.11.3.rel1.win32_1.1.1.202309131626/tools/bin/../lib/gcc/arm-none-eabi/11.3.1/../../../../arm-none-eabi/lib/thumb/v7e-m+fp/hard\libc_nano.a(libc_a-impure.o)
                0x0000000020000078                _impure_ptr
 *(.RamFunc)
 *(.RamFunc*)
                0x000000002000007c                . = ALIGN (0x4)
                0x000000002000007c                _edata = .

.igot.plt       0x000000002000007c        0x0 load address 0x0000000008007e30
 .igot.plt      0x000000002000007c        0x0 C:/ST/STM32CubeIDE_1.13.2/STM32CubeIDE/plugins/com.st.stm32cube.ide.mcu.externaltools.gnu-tools-for-stm32.11.3.rel1.win32_1.1.1.202309131626/tools/bin/../lib/gcc/arm-none-eabi/11.3.1/thumb/v7e-m+fp/hard/crtbegin.o
                0x000000002000007c                . = ALIGN (0x4)

.bss            0x000000002000007c      0x988 load address 0x0000000008007e30
                0x000000002000007c                _sbss = .
                0x000000002000007c                __bss_start__ = _sbss
 *(.bss)
 .bss           0x000000002000007c       0x1c C:/ST/STM32CubeIDE_1.13.2/STM32CubeIDE/plugins/com.st.stm32cube.ide.mcu.externaltools.gnu-tools-for-stm32.11.3.rel1.win32_1.1.1.202309131626/tools/bin/../lib/gcc/arm-none-eabi/11.3.1/thumb/v7e-m+fp/hard/crtbegin.o
 *(.bss*)
 .bss.hi2c1     0x0000000020000098       0x54 ./Core/Src/main.o
                0x0000000020000098                hi2c1
 .bss.hi2s2     0x00000000200000ec       0x48 ./Core/Src/main.o
                0x00000000200000ec                hi2s2
 .bss.hi2s3     0x0000000020000134       0x48 ./Core/Src/main.o
                0x0000000020000134                hi2s3
 .bss.hspi1     0x000000002000017c       0x58 ./Core/Src/main.o
                0x000000002000017c                hspi1
 .bss.__sbrk_heap_end
                0x00000000200001d4        0x4 ./Core/Src/sysmem.o
 .bss.uwTick    0x00000000200001d8        0x4 ./Drivers/STM32F4xx_HAL_Driver/Src/stm32f4xx_hal.o
                0x00000000200001d8                uwTick
 .bss.hUsbHostFS
                0x00000000200001dc      0x3d8 ./USB_HOST/App/usb_host.o
                0x00000000200001dc                hUsbHostFS
 .bss.Appli_state
                0x00000000200005b4        0x1 ./USB_HOST/App/usb_host.o
                0x00000000200005b4                Appli_state
 *fill*         0x00000000200005b5        0x3 
 .bss.hhcd_USB_OTG_FS
                0x00000000200005b8      0x304 ./USB_HOST/Target/usbh_conf.o
                0x00000000200005b8                hhcd_USB_OTG_FS
 .bss.__malloc_free_list
                0x00000000200008bc        0x4 C:/ST/STM32CubeIDE_1.13.2/STM32CubeIDE/plugins/com.st.stm32cube.ide.mcu.externaltools.gnu-tools-for-stm32.11.3.rel1.win32_1.1.1.202309131626/tools/bin/../lib/gcc/arm-none-eabi/11.3.1/../../../../arm-none-eabi/lib/thumb/v7e-m+fp/hard\libc_nano.a(libc_a-mallocr.o)
                0x00000000200008bc                __malloc_free_list
 .bss.__malloc_sbrk_start
                0x00000000200008c0        0x4 C:/ST/STM32CubeIDE_1.13.2/STM32CubeIDE/plugins/com.st.stm32cube.ide.mcu.externaltools.gnu-tools-for-stm32.11.3.rel1.win32_1.1.1.202309131626/tools/bin/../lib/gcc/arm-none-eabi/11.3.1/../../../../arm-none-eabi/lib/thumb/v7e-m+fp/hard\libc_nano.a(libc_a-mallocr.o)
                0x00000000200008c0                __malloc_sbrk_start
 .bss.__sf      0x00000000200008c4      0x138 C:/ST/STM32CubeIDE_1.13.2/STM32CubeIDE/plugins/com.st.stm32cube.ide.mcu.externaltools.gnu-tools-for-stm32.11.3.rel1.win32_1.1.1.202309131626/tools/bin/../lib/gcc/arm-none-eabi/11.3.1/../../../../arm-none-eabi/lib/thumb/v7e-m+fp/hard\libc_nano.a(libc_a-findfp.o)
                0x00000000200008c4                __sf
 .bss.errno     0x00000000200009fc        0x4 C:/ST/STM32CubeIDE_1.13.2/STM32CubeIDE/plugins/com.st.stm32cube.ide.mcu.externaltools.gnu-tools-for-stm32.11.3.rel1.win32_1.1.1.202309131626/tools/bin/../lib/gcc/arm-none-eabi/11.3.1/../../../../arm-none-eabi/lib/thumb/v7e-m+fp/hard\libc_nano.a(libc_a-reent.o)
                0x00000000200009fc                errno
 .bss.__lock___malloc_recursive_mutex
                0x0000000020000a00        0x1 C:/ST/STM32CubeIDE_1.13.2/STM32CubeIDE/plugins/com.st.stm32cube.ide.mcu.externaltools.gnu-tools-for-stm32.11.3.rel1.win32_1.1.1.202309131626/tools/bin/../lib/gcc/arm-none-eabi/11.3.1/../../../../arm-none-eabi/lib/thumb/v7e-m+fp/hard\libc_nano.a(libc_a-lock.o)
                0x0000000020000a00                __lock___malloc_recursive_mutex
 *(COMMON)
                0x0000000020000a04                . = ALIGN (0x4)
 *fill*         0x0000000020000a01        0x3 
                0x0000000020000a04                _ebss = .
                0x0000000020000a04                __bss_end__ = _ebss

._user_heap_stack
                0x0000000020000a04      0x604 load address 0x0000000008007e30
                0x0000000020000a08                . = ALIGN (0x8)
 *fill*         0x0000000020000a04        0x4 
                [!provide]                        PROVIDE (end = .)
                0x0000000020000a08                PROVIDE (_end = .)
                0x0000000020000c08                . = (. + _Min_Heap_Size)
 *fill*         0x0000000020000a08      0x200 
                0x0000000020001008                . = (. + _Min_Stack_Size)
 *fill*         0x0000000020000c08      0x400 
                0x0000000020001008                . = ALIGN (0x8)

/DISCARD/
 libc.a(*)
 libm.a(*)
 libgcc.a(*)

.ARM.attributes
                0x0000000000000000       0x30
 *(.ARM.attributes)
 .ARM.attributes
                0x0000000000000000       0x1e C:/ST/STM32CubeIDE_1.13.2/STM32CubeIDE/plugins/com.st.stm32cube.ide.mcu.externaltools.gnu-tools-for-stm32.11.3.rel1.win32_1.1.1.202309131626/tools/bin/../lib/gcc/arm-none-eabi/11.3.1/thumb/v7e-m+fp/hard/crti.o
 .ARM.attributes
                0x000000000000001e       0x34 C:/ST/STM32CubeIDE_1.13.2/STM32CubeIDE/plugins/com.st.stm32cube.ide.mcu.externaltools.gnu-tools-for-stm32.11.3.rel1.win32_1.1.1.202309131626/tools/bin/../lib/gcc/arm-none-eabi/11.3.1/thumb/v7e-m+fp/hard/crtbegin.o
 .ARM.attributes
                0x0000000000000052       0x34 ./Core/Src/main.o
 .ARM.attributes
                0x0000000000000086       0x34 ./Core/Src/stm32f4xx_hal_msp.o
 .ARM.attributes
                0x00000000000000ba       0x34 ./Core/Src/stm32f4xx_it.o
 .ARM.attributes
                0x00000000000000ee       0x34 ./Core/Src/sysmem.o
 .ARM.attributes
                0x0000000000000122       0x34 ./Core/Src/system_stm32f4xx.o
 .ARM.attributes
                0x0000000000000156       0x21 ./Core/Startup/startup_stm32f411vetx.o
 .ARM.attributes
                0x0000000000000177       0x34 ./Drivers/STM32F4xx_HAL_Driver/Src/stm32f4xx_hal.o
 .ARM.attributes
                0x00000000000001ab       0x34 ./Drivers/STM32F4xx_HAL_Driver/Src/stm32f4xx_hal_cortex.o
 .ARM.attributes
                0x00000000000001df       0x34 ./Drivers/STM32F4xx_HAL_Driver/Src/stm32f4xx_hal_gpio.o
 .ARM.attributes
                0x0000000000000213       0x34 ./Drivers/STM32F4xx_HAL_Driver/Src/stm32f4xx_hal_hcd.o
 .ARM.attributes
                0x0000000000000247       0x34 ./Drivers/STM32F4xx_HAL_Driver/Src/stm32f4xx_hal_i2c.o
 .ARM.attributes
                0x000000000000027b       0x34 ./Drivers/STM32F4xx_HAL_Driver/Src/stm32f4xx_hal_i2s.o
 .ARM.attributes
                0x00000000000002af       0x34 ./Drivers/STM32F4xx_HAL_Driver/Src/stm32f4xx_hal_i2s_ex.o
 .ARM.attributes
                0x00000000000002e3       0x34 ./Drivers/STM32F4xx_HAL_Driver/Src/stm32f4xx_hal_rcc.o
 .ARM.attributes
                0x0000000000000317       0x34 ./Drivers/STM32F4xx_HAL_Driver/Src/stm32f4xx_hal_rcc_ex.o
 .ARM.attributes
                0x000000000000034b       0x34 ./Drivers/STM32F4xx_HAL_Driver/Src/stm32f4xx_hal_spi.o
 .ARM.attributes
                0x000000000000037f       0x34 ./Drivers/STM32F4xx_HAL_Driver/Src/stm32f4xx_ll_usb.o
 .ARM.attributes
                0x00000000000003b3       0x34 ./Middlewares/ST/STM32_USB_Host_Library/Class/CDC/Src/usbh_cdc.o
 .ARM.attributes
                0x00000000000003e7       0x34 ./Middlewares/ST/STM32_USB_Host_Library/Core/Src/usbh_core.o
 .ARM.attributes
                0x000000000000041b       0x34 ./Middlewares/ST/STM32_USB_Host_Library/Core/Src/usbh_ctlreq.o
 .ARM.attributes
                0x000000000000044f       0x34 ./Middlewares/ST/STM32_USB_Host_Library/Core/Src/usbh_ioreq.o
 .ARM.attributes
                0x0000000000000483       0x34 ./Middlewares/ST/STM32_USB_Host_Library/Core/Src/usbh_pipes.o
 .ARM.attributes
                0x00000000000004b7       0x34 ./USB_HOST/App/usb_host.o
 .ARM.attributes
                0x00000000000004eb       0x34 ./USB_HOST/Target/usbh_conf.o
 .ARM.attributes
                0x000000000000051f       0x34 ./USB_HOST/Target/usbh_platform.o
 .ARM.attributes
                0x0000000000000553       0x34 C:/ST/STM32CubeIDE_1.13.2/STM32CubeIDE/plugins/com.st.stm32cube.ide.mcu.externaltools.gnu-tools-for-stm32.11.3.rel1.win32_1.1.1.202309131626/tools/bin/../lib/gcc/arm-none-eabi/11.3.1/../../../../arm-none-eabi/lib/thumb/v7e-m+fp/hard\libc_nano.a(libc_a-malloc.o)
 .ARM.attributes
                0x0000000000000587       0x34 C:/ST/STM32CubeIDE_1.13.2/STM32CubeIDE/plugins/com.st.stm32cube.ide.mcu.externaltools.gnu-tools-for-stm32.11.3.rel1.win32_1.1.1.202309131626/tools/bin/../lib/gcc/arm-none-eabi/11.3.1/../../../../arm-none-eabi/lib/thumb/v7e-m+fp/hard\libc_nano.a(libc_a-mallocr.o)
 .ARM.attributes
                0x00000000000005bb       0x34 C:/ST/STM32CubeIDE_1.13.2/STM32CubeIDE/plugins/com.st.stm32cube.ide.mcu.externaltools.gnu-tools-for-stm32.11.3.rel1.win32_1.1.1.202309131626/tools/bin/../lib/gcc/arm-none-eabi/11.3.1/../../../../arm-none-eabi/lib/thumb/v7e-m+fp/hard\libc_nano.a(libc_a-mlock.o)
 .ARM.attributes
                0x00000000000005ef       0x34 C:/ST/STM32CubeIDE_1.13.2/STM32CubeIDE/plugins/com.st.stm32cube.ide.mcu.externaltools.gnu-tools-for-stm32.11.3.rel1.win32_1.1.1.202309131626/tools/bin/../lib/gcc/arm-none-eabi/11.3.1/../../../../arm-none-eabi/lib/thumb/v7e-m+fp/hard\libc_nano.a(libc_a-findfp.o)
 .ARM.attributes
                0x0000000000000623       0x34 C:/ST/STM32CubeIDE_1.13.2/STM32CubeIDE/plugins/com.st.stm32cube.ide.mcu.externaltools.gnu-tools-for-stm32.11.3.rel1.win32_1.1.1.202309131626/tools/bin/../lib/gcc/arm-none-eabi/11.3.1/../../../../arm-none-eabi/lib/thumb/v7e-m+fp/hard\libc_nano.a(libc_a-memset.o)
 .ARM.attributes
                0x0000000000000657       0x34 C:/ST/STM32CubeIDE_1.13.2/STM32CubeIDE/plugins/com.st.stm32cube.ide.mcu.externaltools.gnu-tools-for-stm32.11.3.rel1.win32_1.1.1.202309131626/tools/bin/../lib/gcc/arm-none-eabi/11.3.1/../../../../arm-none-eabi/lib/thumb/v7e-m+fp/hard\libc_nano.a(libc_a-reent.o)
 .ARM.attributes
                0x000000000000068b       0x34 C:/ST/STM32CubeIDE_1.13.2/STM32CubeIDE/plugins/com.st.stm32cube.ide.mcu.externaltools.gnu-tools-for-stm32.11.3.rel1.win32_1.1.1.202309131626/tools/bin/../lib/gcc/arm-none-eabi/11.3.1/../../../../arm-none-eabi/lib/thumb/v7e-m+fp/hard\libc_nano.a(libc_a-impure.o)
 .ARM.attributes
                0x00000000000006bf       0x34 C:/ST/STM32CubeIDE_1.13.2/STM32CubeIDE/plugins/com.st.stm32cube.ide.mcu.externaltools.gnu-tools-for-stm32.11.3.rel1.win32_1.1.1.202309131626/tools/bin/../lib/gcc/arm-none-eabi/11.3.1/../../../../arm-none-eabi/lib/thumb/v7e-m+fp/hard\libc_nano.a(libc_a-sbrkr.o)
 .ARM.attributes
                0x00000000000006f3       0x34 C:/ST/STM32CubeIDE_1.13.2/STM32CubeIDE/plugins/com.st.stm32cube.ide.mcu.externaltools.gnu-tools-for-stm32.11.3.rel1.win32_1.1.1.202309131626/tools/bin/../lib/gcc/arm-none-eabi/11.3.1/../../../../arm-none-eabi/lib/thumb/v7e-m+fp/hard\libc_nano.a(libc_a-errno.o)
 .ARM.attributes
                0x0000000000000727       0x34 C:/ST/STM32CubeIDE_1.13.2/STM32CubeIDE/plugins/com.st.stm32cube.ide.mcu.externaltools.gnu-tools-for-stm32.11.3.rel1.win32_1.1.1.202309131626/tools/bin/../lib/gcc/arm-none-eabi/11.3.1/../../../../arm-none-eabi/lib/thumb/v7e-m+fp/hard\libc_nano.a(libc_a-init.o)
 .ARM.attributes
                0x000000000000075b       0x34 C:/ST/STM32CubeIDE_1.13.2/STM32CubeIDE/plugins/com.st.stm32cube.ide.mcu.externaltools.gnu-tools-for-stm32.11.3.rel1.win32_1.1.1.202309131626/tools/bin/../lib/gcc/arm-none-eabi/11.3.1/../../../../arm-none-eabi/lib/thumb/v7e-m+fp/hard\libc_nano.a(libc_a-lock.o)
 .ARM.attributes
                0x000000000000078f       0x34 C:/ST/STM32CubeIDE_1.13.2/STM32CubeIDE/plugins/com.st.stm32cube.ide.mcu.externaltools.gnu-tools-for-stm32.11.3.rel1.win32_1.1.1.202309131626/tools/bin/../lib/gcc/arm-none-eabi/11.3.1/../../../../arm-none-eabi/lib/thumb/v7e-m+fp/hard\libc_nano.a(libc_a-freer.o)
 .ARM.attributes
                0x00000000000007c3       0x1e C:/ST/STM32CubeIDE_1.13.2/STM32CubeIDE/plugins/com.st.stm32cube.ide.mcu.externaltools.gnu-tools-for-stm32.11.3.rel1.win32_1.1.1.202309131626/tools/bin/../lib/gcc/arm-none-eabi/11.3.1/thumb/v7e-m+fp/hard\libgcc.a(_aeabi_uldivmod.o)
 .ARM.attributes
                0x00000000000007e1       0x34 C:/ST/STM32CubeIDE_1.13.2/STM32CubeIDE/plugins/com.st.stm32cube.ide.mcu.externaltools.gnu-tools-for-stm32.11.3.rel1.win32_1.1.1.202309131626/tools/bin/../lib/gcc/arm-none-eabi/11.3.1/thumb/v7e-m+fp/hard\libgcc.a(_udivmoddi4.o)
 .ARM.attributes
                0x0000000000000815       0x1e C:/ST/STM32CubeIDE_1.13.2/STM32CubeIDE/plugins/com.st.stm32cube.ide.mcu.externaltools.gnu-tools-for-stm32.11.3.rel1.win32_1.1.1.202309131626/tools/bin/../lib/gcc/arm-none-eabi/11.3.1/thumb/v7e-m+fp/hard\libgcc.a(_dvmd_tls.o)
 .ARM.attributes
                0x0000000000000833       0x1e C:/ST/STM32CubeIDE_1.13.2/STM32CubeIDE/plugins/com.st.stm32cube.ide.mcu.externaltools.gnu-tools-for-stm32.11.3.rel1.win32_1.1.1.202309131626/tools/bin/../lib/gcc/arm-none-eabi/11.3.1/thumb/v7e-m+fp/hard/crtn.o
OUTPUT(MakeBlinky-Week3_V2.elf elf32-littlearm)
LOAD linker stubs
LOAD C:/ST/STM32CubeIDE_1.13.2/STM32CubeIDE/plugins/com.st.stm32cube.ide.mcu.externaltools.gnu-tools-for-stm32.11.3.rel1.win32_1.1.1.202309131626/tools/bin/../lib/gcc/arm-none-eabi/11.3.1/../../../../arm-none-eabi/lib/thumb/v7e-m+fp/hard\libc.a
LOAD C:/ST/STM32CubeIDE_1.13.2/STM32CubeIDE/plugins/com.st.stm32cube.ide.mcu.externaltools.gnu-tools-for-stm32.11.3.rel1.win32_1.1.1.202309131626/tools/bin/../lib/gcc/arm-none-eabi/11.3.1/../../../../arm-none-eabi/lib/thumb/v7e-m+fp/hard\libm.a
LOAD C:/ST/STM32CubeIDE_1.13.2/STM32CubeIDE/plugins/com.st.stm32cube.ide.mcu.externaltools.gnu-tools-for-stm32.11.3.rel1.win32_1.1.1.202309131626/tools/bin/../lib/gcc/arm-none-eabi/11.3.1/thumb/v7e-m+fp/hard\libgcc.a

.comment        0x0000000000000000       0x43
 .comment       0x0000000000000000       0x43 C:/ST/STM32CubeIDE_1.13.2/STM32CubeIDE/plugins/com.st.stm32cube.ide.mcu.externaltools.gnu-tools-for-stm32.11.3.rel1.win32_1.1.1.202309131626/tools/bin/../lib/gcc/arm-none-eabi/11.3.1/thumb/v7e-m+fp/hard/crtbegin.o
                                         0x44 (size before relaxing)
 .comment       0x0000000000000043       0x44 ./Core/Src/main.o
 .comment       0x0000000000000043       0x44 ./Core/Src/stm32f4xx_hal_msp.o
 .comment       0x0000000000000043       0x44 ./Core/Src/stm32f4xx_it.o
 .comment       0x0000000000000043       0x44 ./Core/Src/sysmem.o
 .comment       0x0000000000000043       0x44 ./Core/Src/system_stm32f4xx.o
 .comment       0x0000000000000043       0x44 ./Drivers/STM32F4xx_HAL_Driver/Src/stm32f4xx_hal.o
 .comment       0x0000000000000043       0x44 ./Drivers/STM32F4xx_HAL_Driver/Src/stm32f4xx_hal_cortex.o
 .comment       0x0000000000000043       0x44 ./Drivers/STM32F4xx_HAL_Driver/Src/stm32f4xx_hal_gpio.o
 .comment       0x0000000000000043       0x44 ./Drivers/STM32F4xx_HAL_Driver/Src/stm32f4xx_hal_hcd.o
 .comment       0x0000000000000043       0x44 ./Drivers/STM32F4xx_HAL_Driver/Src/stm32f4xx_hal_i2c.o
 .comment       0x0000000000000043       0x44 ./Drivers/STM32F4xx_HAL_Driver/Src/stm32f4xx_hal_i2s.o
 .comment       0x0000000000000043       0x44 ./Drivers/STM32F4xx_HAL_Driver/Src/stm32f4xx_hal_i2s_ex.o
 .comment       0x0000000000000043       0x44 ./Drivers/STM32F4xx_HAL_Driver/Src/stm32f4xx_hal_rcc.o
 .comment       0x0000000000000043       0x44 ./Drivers/STM32F4xx_HAL_Driver/Src/stm32f4xx_hal_rcc_ex.o
 .comment       0x0000000000000043       0x44 ./Drivers/STM32F4xx_HAL_Driver/Src/stm32f4xx_hal_spi.o
 .comment       0x0000000000000043       0x44 ./Drivers/STM32F4xx_HAL_Driver/Src/stm32f4xx_ll_usb.o
 .comment       0x0000000000000043       0x44 ./Middlewares/ST/STM32_USB_Host_Library/Class/CDC/Src/usbh_cdc.o
 .comment       0x0000000000000043       0x44 ./Middlewares/ST/STM32_USB_Host_Library/Core/Src/usbh_core.o
 .comment       0x0000000000000043       0x44 ./Middlewares/ST/STM32_USB_Host_Library/Core/Src/usbh_ctlreq.o
 .comment       0x0000000000000043       0x44 ./Middlewares/ST/STM32_USB_Host_Library/Core/Src/usbh_ioreq.o
 .comment       0x0000000000000043       0x44 ./Middlewares/ST/STM32_USB_Host_Library/Core/Src/usbh_pipes.o
 .comment       0x0000000000000043       0x44 ./USB_HOST/App/usb_host.o
 .comment       0x0000000000000043       0x44 ./USB_HOST/Target/usbh_conf.o
 .comment       0x0000000000000043       0x44 ./USB_HOST/Target/usbh_platform.o

.debug_info     0x0000000000000000    0x1479d
 .debug_info    0x0000000000000000     0x1271 ./Core/Src/main.o
 .debug_info    0x0000000000001271      0xf31 ./Core/Src/stm32f4xx_hal_msp.o
 .debug_info    0x00000000000021a2      0x638 ./Core/Src/stm32f4xx_it.o
 .debug_info    0x00000000000027da      0x168 ./Core/Src/sysmem.o
 .debug_info    0x0000000000002942      0x53e ./Core/Src/system_stm32f4xx.o
 .debug_info    0x0000000000002e80       0x23 ./Core/Startup/startup_stm32f411vetx.o
 .debug_info    0x0000000000002ea3      0x8c4 ./Drivers/STM32F4xx_HAL_Driver/Src/stm32f4xx_hal.o
 .debug_info    0x0000000000003767      0xcb6 ./Drivers/STM32F4xx_HAL_Driver/Src/stm32f4xx_hal_cortex.o
 .debug_info    0x000000000000441d      0x6f9 ./Drivers/STM32F4xx_HAL_Driver/Src/stm32f4xx_hal_gpio.o
 .debug_info    0x0000000000004b16      0xfea ./Drivers/STM32F4xx_HAL_Driver/Src/stm32f4xx_hal_hcd.o
 .debug_info    0x0000000000005b00     0x23f2 ./Drivers/STM32F4xx_HAL_Driver/Src/stm32f4xx_hal_i2c.o
 .debug_info    0x0000000000007ef2      0xdfd ./Drivers/STM32F4xx_HAL_Driver/Src/stm32f4xx_hal_i2s.o
 .debug_info    0x0000000000008cef      0xaf0 ./Drivers/STM32F4xx_HAL_Driver/Src/stm32f4xx_hal_i2s_ex.o
 .debug_info    0x00000000000097df      0x8f2 ./Drivers/STM32F4xx_HAL_Driver/Src/stm32f4xx_hal_rcc.o
 .debug_info    0x000000000000a0d1      0x5a5 ./Drivers/STM32F4xx_HAL_Driver/Src/stm32f4xx_hal_rcc_ex.o
 .debug_info    0x000000000000a676     0x1606 ./Drivers/STM32F4xx_HAL_Driver/Src/stm32f4xx_hal_spi.o
 .debug_info    0x000000000000bc7c     0x18f6 ./Drivers/STM32F4xx_HAL_Driver/Src/stm32f4xx_ll_usb.o
 .debug_info    0x000000000000d572     0x1474 ./Middlewares/ST/STM32_USB_Host_Library/Class/CDC/Src/usbh_cdc.o
 .debug_info    0x000000000000e9e6      0xf90 ./Middlewares/ST/STM32_USB_Host_Library/Core/Src/usbh_core.o
 .debug_info    0x000000000000f976      0xf86 ./Middlewares/ST/STM32_USB_Host_Library/Core/Src/usbh_ctlreq.o
 .debug_info    0x00000000000108fc      0xc2b ./Middlewares/ST/STM32_USB_Host_Library/Core/Src/usbh_ioreq.o
 .debug_info    0x0000000000011527      0xa8e ./Middlewares/ST/STM32_USB_Host_Library/Core/Src/usbh_pipes.o
 .debug_info    0x0000000000011fb5      0xa10 ./USB_HOST/App/usb_host.o
 .debug_info    0x00000000000129c5     0x1c00 ./USB_HOST/Target/usbh_conf.o
 .debug_info    0x00000000000145c5      0x1d8 ./USB_HOST/Target/usbh_platform.o

.debug_abbrev   0x0000000000000000     0x388d
 .debug_abbrev  0x0000000000000000      0x27e ./Core/Src/main.o
 .debug_abbrev  0x000000000000027e      0x1fb ./Core/Src/stm32f4xx_hal_msp.o
 .debug_abbrev  0x0000000000000479      0x1a4 ./Core/Src/stm32f4xx_it.o
 .debug_abbrev  0x000000000000061d       0xbc ./Core/Src/sysmem.o
 .debug_abbrev  0x00000000000006d9      0x11a ./Core/Src/system_stm32f4xx.o
 .debug_abbrev  0x00000000000007f3       0x12 ./Core/Startup/startup_stm32f411vetx.o
 .debug_abbrev  0x0000000000000805      0x24b ./Drivers/STM32F4xx_HAL_Driver/Src/stm32f4xx_hal.o
 .debug_abbrev  0x0000000000000a50      0x327 ./Drivers/STM32F4xx_HAL_Driver/Src/stm32f4xx_hal_cortex.o
 .debug_abbrev  0x0000000000000d77      0x1d3 ./Drivers/STM32F4xx_HAL_Driver/Src/stm32f4xx_hal_gpio.o
 .debug_abbrev  0x0000000000000f4a      0x291 ./Drivers/STM32F4xx_HAL_Driver/Src/stm32f4xx_hal_hcd.o
 .debug_abbrev  0x00000000000011db      0x2bc ./Drivers/STM32F4xx_HAL_Driver/Src/stm32f4xx_hal_i2c.o
 .debug_abbrev  0x0000000000001497      0x265 ./Drivers/STM32F4xx_HAL_Driver/Src/stm32f4xx_hal_i2s.o
 .debug_abbrev  0x00000000000016fc      0x297 ./Drivers/STM32F4xx_HAL_Driver/Src/stm32f4xx_hal_i2s_ex.o
 .debug_abbrev  0x0000000000001993      0x2b5 ./Drivers/STM32F4xx_HAL_Driver/Src/stm32f4xx_hal_rcc.o
 .debug_abbrev  0x0000000000001c48      0x1b1 ./Drivers/STM32F4xx_HAL_Driver/Src/stm32f4xx_hal_rcc_ex.o
 .debug_abbrev  0x0000000000001df9      0x280 ./Drivers/STM32F4xx_HAL_Driver/Src/stm32f4xx_hal_spi.o
 .debug_abbrev  0x0000000000002079      0x2ac ./Drivers/STM32F4xx_HAL_Driver/Src/stm32f4xx_ll_usb.o
 .debug_abbrev  0x0000000000002325      0x33b ./Middlewares/ST/STM32_USB_Host_Library/Class/CDC/Src/usbh_cdc.o
 .debug_abbrev  0x0000000000002660      0x327 ./Middlewares/ST/STM32_USB_Host_Library/Core/Src/usbh_core.o
 .debug_abbrev  0x0000000000002987      0x2fc ./Middlewares/ST/STM32_USB_Host_Library/Core/Src/usbh_ctlreq.o
 .debug_abbrev  0x0000000000002c83      0x245 ./Middlewares/ST/STM32_USB_Host_Library/Core/Src/usbh_ioreq.o
 .debug_abbrev  0x0000000000002ec8      0x281 ./Middlewares/ST/STM32_USB_Host_Library/Core/Src/usbh_pipes.o
 .debug_abbrev  0x0000000000003149      0x26e ./USB_HOST/App/usb_host.o
 .debug_abbrev  0x00000000000033b7      0x3c2 ./USB_HOST/Target/usbh_conf.o
 .debug_abbrev  0x0000000000003779      0x114 ./USB_HOST/Target/usbh_platform.o

.debug_aranges  0x0000000000000000     0x1128
 .debug_aranges
                0x0000000000000000       0x60 ./Core/Src/main.o
 .debug_aranges
                0x0000000000000060       0x50 ./Core/Src/stm32f4xx_hal_msp.o
 .debug_aranges
                0x00000000000000b0       0x68 ./Core/Src/stm32f4xx_it.o
 .debug_aranges
                0x0000000000000118       0x20 ./Core/Src/sysmem.o
 .debug_aranges
                0x0000000000000138       0x28 ./Core/Src/system_stm32f4xx.o
 .debug_aranges
                0x0000000000000160       0x28 ./Core/Startup/startup_stm32f411vetx.o
 .debug_aranges
                0x0000000000000188       0xf0 ./Drivers/STM32F4xx_HAL_Driver/Src/stm32f4xx_hal.o
 .debug_aranges
                0x0000000000000278      0x118 ./Drivers/STM32F4xx_HAL_Driver/Src/stm32f4xx_hal_cortex.o
 .debug_aranges
                0x0000000000000390       0x58 ./Drivers/STM32F4xx_HAL_Driver/Src/stm32f4xx_hal_gpio.o
 .debug_aranges
                0x00000000000003e8       0xf8 ./Drivers/STM32F4xx_HAL_Driver/Src/stm32f4xx_hal_hcd.o
 .debug_aranges
                0x00000000000004e0      0x2a0 ./Drivers/STM32F4xx_HAL_Driver/Src/stm32f4xx_hal_i2c.o
 .debug_aranges
                0x0000000000000780      0x108 ./Drivers/STM32F4xx_HAL_Driver/Src/stm32f4xx_hal_i2s.o
 .debug_aranges
                0x0000000000000888       0x88 ./Drivers/STM32F4xx_HAL_Driver/Src/stm32f4xx_hal_i2s_ex.o
 .debug_aranges
                0x0000000000000910       0x88 ./Drivers/STM32F4xx_HAL_Driver/Src/stm32f4xx_hal_rcc.o
 .debug_aranges
                0x0000000000000998       0x50 ./Drivers/STM32F4xx_HAL_Driver/Src/stm32f4xx_hal_rcc_ex.o
 .debug_aranges
                0x00000000000009e8      0x1d0 ./Drivers/STM32F4xx_HAL_Driver/Src/stm32f4xx_hal_spi.o
 .debug_aranges
                0x0000000000000bb8      0x1a0 ./Drivers/STM32F4xx_HAL_Driver/Src/stm32f4xx_ll_usb.o
 .debug_aranges
                0x0000000000000d58       0xa8 ./Middlewares/ST/STM32_USB_Host_Library/Class/CDC/Src/usbh_cdc.o
 .debug_aranges
                0x0000000000000e00       0xc0 ./Middlewares/ST/STM32_USB_Host_Library/Core/Src/usbh_core.o
 .debug_aranges
                0x0000000000000ec0       0xa0 ./Middlewares/ST/STM32_USB_Host_Library/Core/Src/usbh_ctlreq.o
 .debug_aranges
                0x0000000000000f60       0x60 ./Middlewares/ST/STM32_USB_Host_Library/Core/Src/usbh_ioreq.o
 .debug_aranges
                0x0000000000000fc0       0x40 ./Middlewares/ST/STM32_USB_Host_Library/Core/Src/usbh_pipes.o
 .debug_aranges
                0x0000000000001000       0x30 ./USB_HOST/App/usb_host.o
 .debug_aranges
                0x0000000000001030       0xd8 ./USB_HOST/Target/usbh_conf.o
 .debug_aranges
                0x0000000000001108       0x20 ./USB_HOST/Target/usbh_platform.o

.debug_rnglists
                0x0000000000000000      0xd0d
 .debug_rnglists
                0x0000000000000000       0x45 ./Core/Src/main.o
 .debug_rnglists
                0x0000000000000045       0x3a ./Core/Src/stm32f4xx_hal_msp.o
 .debug_rnglists
                0x000000000000007f       0x49 ./Core/Src/stm32f4xx_it.o
 .debug_rnglists
                0x00000000000000c8       0x13 ./Core/Src/sysmem.o
 .debug_rnglists
                0x00000000000000db       0x1a ./Core/Src/system_stm32f4xx.o
 .debug_rnglists
                0x00000000000000f5       0x19 ./Core/Startup/startup_stm32f411vetx.o
 .debug_rnglists
                0x000000000000010e       0xaf ./Drivers/STM32F4xx_HAL_Driver/Src/stm32f4xx_hal.o
 .debug_rnglists
                0x00000000000001bd       0xce ./Drivers/STM32F4xx_HAL_Driver/Src/stm32f4xx_hal_cortex.o
 .debug_rnglists
                0x000000000000028b       0x3f ./Drivers/STM32F4xx_HAL_Driver/Src/stm32f4xx_hal_gpio.o
 .debug_rnglists
                0x00000000000002ca       0xbd ./Drivers/STM32F4xx_HAL_Driver/Src/stm32f4xx_hal_hcd.o
 .debug_rnglists
                0x0000000000000387      0x235 ./Drivers/STM32F4xx_HAL_Driver/Src/stm32f4xx_hal_i2c.o
 .debug_rnglists
                0x00000000000005bc       0xcc ./Drivers/STM32F4xx_HAL_Driver/Src/stm32f4xx_hal_i2s.o
 .debug_rnglists
                0x0000000000000688       0x6a ./Drivers/STM32F4xx_HAL_Driver/Src/stm32f4xx_hal_i2s_ex.o
 .debug_rnglists
                0x00000000000006f2       0x66 ./Drivers/STM32F4xx_HAL_Driver/Src/stm32f4xx_hal_rcc.o
 .debug_rnglists
                0x0000000000000758       0x3c ./Drivers/STM32F4xx_HAL_Driver/Src/stm32f4xx_hal_rcc_ex.o
 .debug_rnglists
                0x0000000000000794      0x16f ./Drivers/STM32F4xx_HAL_Driver/Src/stm32f4xx_hal_spi.o
 .debug_rnglists
                0x0000000000000903      0x148 ./Drivers/STM32F4xx_HAL_Driver/Src/stm32f4xx_ll_usb.o
 .debug_rnglists
                0x0000000000000a4b       0x7e ./Middlewares/ST/STM32_USB_Host_Library/Class/CDC/Src/usbh_cdc.o
 .debug_rnglists
                0x0000000000000ac9       0x8f ./Middlewares/ST/STM32_USB_Host_Library/Core/Src/usbh_core.o
 .debug_rnglists
                0x0000000000000b58       0x77 ./Middlewares/ST/STM32_USB_Host_Library/Core/Src/usbh_ctlreq.o
 .debug_rnglists
                0x0000000000000bcf       0x43 ./Middlewares/ST/STM32_USB_Host_Library/Core/Src/usbh_ioreq.o
 .debug_rnglists
                0x0000000000000c12       0x2b ./Middlewares/ST/STM32_USB_Host_Library/Core/Src/usbh_pipes.o
 .debug_rnglists
                0x0000000000000c3d       0x1f ./USB_HOST/App/usb_host.o
 .debug_rnglists
                0x0000000000000c5c       0x9e ./USB_HOST/Target/usbh_conf.o
 .debug_rnglists
                0x0000000000000cfa       0x13 ./USB_HOST/Target/usbh_platform.o

.debug_macro    0x0000000000000000    0x1891b
 .debug_macro   0x0000000000000000      0x21e ./Core/Src/main.o
 .debug_macro   0x000000000000021e      0xaa8 ./Core/Src/main.o
 .debug_macro   0x0000000000000cc6      0x2a7 ./Core/Src/main.o
 .debug_macro   0x0000000000000f6d       0x2e ./Core/Src/main.o
 .debug_macro   0x0000000000000f9b       0x28 ./Core/Src/main.o
 .debug_macro   0x0000000000000fc3       0x22 ./Core/Src/main.o
 .debug_macro   0x0000000000000fe5       0x8e ./Core/Src/main.o
 .debug_macro   0x0000000000001073       0x51 ./Core/Src/main.o
 .debug_macro   0x00000000000010c4      0x103 ./Core/Src/main.o
 .debug_macro   0x00000000000011c7       0x6a ./Core/Src/main.o
 .debug_macro   0x0000000000001231      0x1df ./Core/Src/main.o
 .debug_macro   0x0000000000001410       0x1c ./Core/Src/main.o
 .debug_macro   0x000000000000142c       0x22 ./Core/Src/main.o
 .debug_macro   0x000000000000144e       0xd9 ./Core/Src/main.o
 .debug_macro   0x0000000000001527     0x102d ./Core/Src/main.o
 .debug_macro   0x0000000000002554      0x11f ./Core/Src/main.o
 .debug_macro   0x0000000000002673     0xb953 ./Core/Src/main.o
 .debug_macro   0x000000000000dfc6       0x6d ./Core/Src/main.o
 .debug_macro   0x000000000000e033     0x367e ./Core/Src/main.o
 .debug_macro   0x00000000000116b1      0x174 ./Core/Src/main.o
 .debug_macro   0x0000000000011825       0x5c ./Core/Src/main.o
 .debug_macro   0x0000000000011881      0x447 ./Core/Src/main.o
 .debug_macro   0x0000000000011cc8      0x9fe ./Core/Src/main.o
 .debug_macro   0x00000000000126c6      0x115 ./Core/Src/main.o
 .debug_macro   0x00000000000127db      0x11b ./Core/Src/main.o
 .debug_macro   0x00000000000128f6       0xa5 ./Core/Src/main.o
 .debug_macro   0x000000000001299b      0x15f ./Core/Src/main.o
 .debug_macro   0x0000000000012afa      0x287 ./Core/Src/main.o
 .debug_macro   0x0000000000012d81       0x5f ./Core/Src/main.o
 .debug_macro   0x0000000000012de0      0x236 ./Core/Src/main.o
 .debug_macro   0x0000000000013016      0x132 ./Core/Src/main.o
 .debug_macro   0x0000000000013148      0x264 ./Core/Src/main.o
 .debug_macro   0x00000000000133ac       0x2e ./Core/Src/main.o
 .debug_macro   0x00000000000133da      0x1b5 ./Core/Src/main.o
 .debug_macro   0x000000000001358f       0x22 ./Core/Src/main.o
 .debug_macro   0x00000000000135b1       0xd6 ./Core/Src/main.o
 .debug_macro   0x0000000000013687      0x1a7 ./Core/Src/main.o
 .debug_macro   0x000000000001382e       0x46 ./Core/Src/main.o
 .debug_macro   0x0000000000013874       0x4a ./Core/Src/main.o
 .debug_macro   0x00000000000138be      0x11a ./Core/Src/main.o
 .debug_macro   0x00000000000139d8       0x85 ./Core/Src/main.o
 .debug_macro   0x0000000000013a5d       0x89 ./Core/Src/main.o
 .debug_macro   0x0000000000013ae6      0x225 ./Core/Src/main.o
 .debug_macro   0x0000000000013d0b      0x248 ./Core/Src/main.o
 .debug_macro   0x0000000000013f53       0x7c ./Core/Src/main.o
 .debug_macro   0x0000000000013fcf      0x126 ./Core/Src/main.o
 .debug_macro   0x00000000000140f5      0x19c ./Core/Src/main.o
 .debug_macro   0x0000000000014291      0x214 ./Core/Src/stm32f4xx_hal_msp.o
 .debug_macro   0x00000000000144a5      0x21e ./Core/Src/stm32f4xx_it.o
 .debug_macro   0x00000000000146c3       0xff ./Core/Src/sysmem.o
 .debug_macro   0x00000000000147c2      0x23c ./Core/Src/sysmem.o
 .debug_macro   0x00000000000149fe      0x205 ./Core/Src/system_stm32f4xx.o
 .debug_macro   0x0000000000014c03      0x265 ./Drivers/STM32F4xx_HAL_Driver/Src/stm32f4xx_hal.o
 .debug_macro   0x0000000000014e68      0x205 ./Drivers/STM32F4xx_HAL_Driver/Src/stm32f4xx_hal_cortex.o
 .debug_macro   0x000000000001506d      0x20b ./Drivers/STM32F4xx_HAL_Driver/Src/stm32f4xx_hal_gpio.o
 .debug_macro   0x0000000000015278      0x205 ./Drivers/STM32F4xx_HAL_Driver/Src/stm32f4xx_hal_hcd.o
 .debug_macro   0x000000000001547d      0x24c ./Drivers/STM32F4xx_HAL_Driver/Src/stm32f4xx_hal_i2c.o
 .debug_macro   0x00000000000156c9      0x20d ./Drivers/STM32F4xx_HAL_Driver/Src/stm32f4xx_hal_i2s.o
 .debug_macro   0x00000000000158d6      0x205 ./Drivers/STM32F4xx_HAL_Driver/Src/stm32f4xx_hal_i2s_ex.o
 .debug_macro   0x0000000000015adb      0x229 ./Drivers/STM32F4xx_HAL_Driver/Src/stm32f4xx_hal_rcc.o
 .debug_macro   0x0000000000015d04      0x205 ./Drivers/STM32F4xx_HAL_Driver/Src/stm32f4xx_hal_rcc_ex.o
 .debug_macro   0x0000000000015f09      0x214 ./Drivers/STM32F4xx_HAL_Driver/Src/stm32f4xx_hal_spi.o
 .debug_macro   0x000000000001611d      0x205 ./Drivers/STM32F4xx_HAL_Driver/Src/stm32f4xx_ll_usb.o
 .debug_macro   0x0000000000016322      0x3ac ./Middlewares/ST/STM32_USB_Host_Library/Class/CDC/Src/usbh_cdc.o
 .debug_macro   0x00000000000166ce       0x16 ./Middlewares/ST/STM32_USB_Host_Library/Class/CDC/Src/usbh_cdc.o
 .debug_macro   0x00000000000166e4       0x97 ./Middlewares/ST/STM32_USB_Host_Library/Class/CDC/Src/usbh_cdc.o
 .debug_macro   0x000000000001677b       0xfd ./Middlewares/ST/STM32_USB_Host_Library/Class/CDC/Src/usbh_cdc.o
 .debug_macro   0x0000000000016878       0x16 ./Middlewares/ST/STM32_USB_Host_Library/Class/CDC/Src/usbh_cdc.o
 .debug_macro   0x000000000001688e       0x16 ./Middlewares/ST/STM32_USB_Host_Library/Class/CDC/Src/usbh_cdc.o
 .debug_macro   0x00000000000168a4       0x20 ./Middlewares/ST/STM32_USB_Host_Library/Class/CDC/Src/usbh_cdc.o
 .debug_macro   0x00000000000168c4       0x56 ./Middlewares/ST/STM32_USB_Host_Library/Class/CDC/Src/usbh_cdc.o
 .debug_macro   0x000000000001691a       0x73 ./Middlewares/ST/STM32_USB_Host_Library/Class/CDC/Src/usbh_cdc.o
 .debug_macro   0x000000000001698d      0x233 ./Middlewares/ST/STM32_USB_Host_Library/Class/CDC/Src/usbh_cdc.o
 .debug_macro   0x0000000000016bc0       0x2e ./Middlewares/ST/STM32_USB_Host_Library/Class/CDC/Src/usbh_cdc.o
 .debug_macro   0x0000000000016bee       0x2e ./Middlewares/ST/STM32_USB_Host_Library/Class/CDC/Src/usbh_cdc.o
 .debug_macro   0x0000000000016c1c       0x28 ./Middlewares/ST/STM32_USB_Host_Library/Class/CDC/Src/usbh_cdc.o
 .debug_macro   0x0000000000016c44      0x15c ./Middlewares/ST/STM32_USB_Host_Library/Class/CDC/Src/usbh_cdc.o
 .debug_macro   0x0000000000016da0      0x3a9 ./Middlewares/ST/STM32_USB_Host_Library/Core/Src/usbh_core.o
 .debug_macro   0x0000000000017149      0x3a1 ./Middlewares/ST/STM32_USB_Host_Library/Core/Src/usbh_ctlreq.o
 .debug_macro   0x00000000000174ea       0x28 ./Middlewares/ST/STM32_USB_Host_Library/Core/Src/usbh_ctlreq.o
 .debug_macro   0x0000000000017512      0x39b ./Middlewares/ST/STM32_USB_Host_Library/Core/Src/usbh_ioreq.o
 .debug_macro   0x00000000000178ad      0x39b ./Middlewares/ST/STM32_USB_Host_Library/Core/Src/usbh_pipes.o
 .debug_macro   0x0000000000017c48      0x3aa ./USB_HOST/App/usb_host.o
 .debug_macro   0x0000000000017ff2       0x61 ./USB_HOST/App/usb_host.o
 .debug_macro   0x0000000000018053      0x1a2 ./USB_HOST/App/usb_host.o
 .debug_macro   0x00000000000181f5      0x162 ./USB_HOST/App/usb_host.o
 .debug_macro   0x0000000000018357      0x3ab ./USB_HOST/Target/usbh_conf.o
 .debug_macro   0x0000000000018702      0x219 ./USB_HOST/Target/usbh_platform.o

.debug_line     0x0000000000000000    0x17b16
 .debug_line    0x0000000000000000      0x9d8 ./Core/Src/main.o
 .debug_line    0x00000000000009d8      0x8f1 ./Core/Src/stm32f4xx_hal_msp.o
 .debug_line    0x00000000000012c9      0x87e ./Core/Src/stm32f4xx_it.o
 .debug_line    0x0000000000001b47      0x579 ./Core/Src/sysmem.o
 .debug_line    0x00000000000020c0      0x825 ./Core/Src/system_stm32f4xx.o
 .debug_line    0x00000000000028e5       0x7a ./Core/Startup/startup_stm32f411vetx.o
 .debug_line    0x000000000000295f      0xa8b ./Drivers/STM32F4xx_HAL_Driver/Src/stm32f4xx_hal.o
 .debug_line    0x00000000000033ea      0xd3a ./Drivers/STM32F4xx_HAL_Driver/Src/stm32f4xx_hal_cortex.o
 .debug_line    0x0000000000004124      0xbc3 ./Drivers/STM32F4xx_HAL_Driver/Src/stm32f4xx_hal_gpio.o
 .debug_line    0x0000000000004ce7     0x128a ./Drivers/STM32F4xx_HAL_Driver/Src/stm32f4xx_hal_hcd.o
 .debug_line    0x0000000000005f71     0x3a4d ./Drivers/STM32F4xx_HAL_Driver/Src/stm32f4xx_hal_i2c.o
 .debug_line    0x00000000000099be     0x1423 ./Drivers/STM32F4xx_HAL_Driver/Src/stm32f4xx_hal_i2s.o
 .debug_line    0x000000000000ade1     0x1523 ./Drivers/STM32F4xx_HAL_Driver/Src/stm32f4xx_hal_i2s_ex.o
 .debug_line    0x000000000000c304      0xe04 ./Drivers/STM32F4xx_HAL_Driver/Src/stm32f4xx_hal_rcc.o
 .debug_line    0x000000000000d108      0xae5 ./Drivers/STM32F4xx_HAL_Driver/Src/stm32f4xx_hal_rcc_ex.o
 .debug_line    0x000000000000dbed     0x1d1c ./Drivers/STM32F4xx_HAL_Driver/Src/stm32f4xx_hal_spi.o
 .debug_line    0x000000000000f909     0x1b4c ./Drivers/STM32F4xx_HAL_Driver/Src/stm32f4xx_ll_usb.o
 .debug_line    0x0000000000011455      0xf2a ./Middlewares/ST/STM32_USB_Host_Library/Class/CDC/Src/usbh_cdc.o
 .debug_line    0x000000000001237f     0x11a6 ./Middlewares/ST/STM32_USB_Host_Library/Core/Src/usbh_core.o
 .debug_line    0x0000000000013525     0x1069 ./Middlewares/ST/STM32_USB_Host_Library/Core/Src/usbh_ctlreq.o
 .debug_line    0x000000000001458e      0xb02 ./Middlewares/ST/STM32_USB_Host_Library/Core/Src/usbh_ioreq.o
 .debug_line    0x0000000000015090      0xaac ./Middlewares/ST/STM32_USB_Host_Library/Core/Src/usbh_pipes.o
 .debug_line    0x0000000000015b3c      0xa96 ./USB_HOST/App/usb_host.o
 .debug_line    0x00000000000165d2      0xd6e ./USB_HOST/Target/usbh_conf.o
 .debug_line    0x0000000000017340      0x7d6 ./USB_HOST/Target/usbh_platform.o

.debug_str      0x0000000000000000    0x8e24b
 .debug_str     0x0000000000000000    0x840ae ./Core/Src/main.o
                                      0x843fb (size before relaxing)
 .debug_str     0x00000000000840ae       0xce ./Core/Src/stm32f4xx_hal_msp.o
                                      0x84125 (size before relaxing)
 .debug_str     0x000000000008417c      0x45c ./Core/Src/stm32f4xx_it.o
                                      0x83bdb (size before relaxing)
 .debug_str     0x00000000000845d8     0x2039 ./Core/Src/sysmem.o
                                       0x6072 (size before relaxing)
 .debug_str     0x0000000000086611       0xdb ./Core/Src/system_stm32f4xx.o
                                      0x83211 (size before relaxing)
 .debug_str     0x00000000000866ec       0x34 ./Core/Startup/startup_stm32f411vetx.o
                                         0x84 (size before relaxing)
 .debug_str     0x0000000000086720      0x991 ./Drivers/STM32F4xx_HAL_Driver/Src/stm32f4xx_hal.o
                                      0x83c3d (size before relaxing)
 .debug_str     0x00000000000870b1      0x34d ./Drivers/STM32F4xx_HAL_Driver/Src/stm32f4xx_hal_cortex.o
                                      0x8395e (size before relaxing)
 .debug_str     0x00000000000873fe      0x10e ./Drivers/STM32F4xx_HAL_Driver/Src/stm32f4xx_hal_gpio.o
                                      0x8338c (size before relaxing)
 .debug_str     0x000000000008750c      0x545 ./Drivers/STM32F4xx_HAL_Driver/Src/stm32f4xx_hal_hcd.o
                                      0x839dc (size before relaxing)